Component: ARM Compiler 5.06 update 5 (build 528) Tool: armlink [4d35e2]

==============================================================================

Section Cross References

    main.o(i.main) refers to delay.o(i.Delay_Init) for Delay_Init
    main.o(i.main) refers to usart.o(i.Usart1_init) for Usart1_init
    main.o(i.main) refers to oled.o(i.OLED_Init) for OLED_Init
    main.o(i.main) refers to led.o(i.LED_Init) for LED_Init
    main.o(i.main) refers to servo.o(i.Servo_Init) for Servo_Init
    main.o(i.main) refers to w25q64.o(i.W25Q64_Init) for W25Q64_Init
    main.o(i.main) refers to dht11.o(i.DHT11_Init) for DHT11_Init
    main.o(i.main) refers to freertos_demo.o(i.Freertos_start) for Freertos_start
    main.o(i.main) refers to printfa.o(i.__0printf) for __2printf
    main.o(i.main) refers to oled.o(i.OLED_Clear) for OLED_Clear
    main.o(i.main) refers to oled.o(i.OLED_ShowString) for OLED_ShowString
    main.o(i.main) refers to oled.o(i.OLED_Update) for OLED_Update
    stm32f10x_it.o(i.SysTick_Handler) refers to tasks.o(i.xTaskGetSchedulerState) for xTaskGetSchedulerState
    stm32f10x_it.o(i.SysTick_Handler) refers to port.o(i.xPortSysTickHandler) for xPortSysTickHandler
    freertos_demo.o(i.Attribute_Res) refers to _scanf_str.o(.text) for _scanf_string
    freertos_demo.o(i.Attribute_Res) refers to memseta.o(.text) for __aeabi_memclr4
    freertos_demo.o(i.Attribute_Res) refers to tasks.o(i.ulTaskGenericNotifyTake) for ulTaskGenericNotifyTake
    freertos_demo.o(i.Attribute_Res) refers to queue.o(i.xQueueReceive) for xQueueReceive
    freertos_demo.o(i.Attribute_Res) refers to strlen.o(.text) for strlen
    freertos_demo.o(i.Attribute_Res) refers to strcat.o(.text) for strcat
    freertos_demo.o(i.Attribute_Res) refers to __0sscanf.o(.text) for __0sscanf
    freertos_demo.o(i.Attribute_Res) refers to port.o(i.vPortEnterCritical) for vPortEnterCritical
    freertos_demo.o(i.Attribute_Res) refers to printfa.o(i.__0snprintf) for __2snprintf
    freertos_demo.o(i.Attribute_Res) refers to port.o(i.vPortExitCritical) for vPortExitCritical
    freertos_demo.o(i.Attribute_Res) refers to queue.o(i.xQueueSemaphoreTake) for xQueueSemaphoreTake
    freertos_demo.o(i.Attribute_Res) refers to esp8266.o(i.ESP8266_SendCmd) for ESP8266_SendCmd
    freertos_demo.o(i.Attribute_Res) refers to queue.o(i.xQueueGenericSend) for xQueueGenericSend
    freertos_demo.o(i.Attribute_Res) refers to tasks.o(i.vTaskDelay) for vTaskDelay
    freertos_demo.o(i.Attribute_Res) refers to freertos_demo.o(.data) for Res_Queue
    freertos_demo.o(i.Attribute_Res) refers to esp8266.o(.bss) for json_id
    freertos_demo.o(i.Attribute_Res) refers to freertos_demo.o(.conststring) for .conststring
    freertos_demo.o(i.DHT11_Timer) refers to dht11.o(i.Read_DHT11_data) for Read_DHT11_data
    freertos_demo.o(i.DHT11_Timer) refers to printfa.o(i.__0snprintf) for __2snprintf
    freertos_demo.o(i.DHT11_Timer) refers to esp8266.o(i.ShangChuan) for ShangChuan
    freertos_demo.o(i.DHT11_Timer) refers to tasks.o(i.vTaskDelay) for vTaskDelay
    freertos_demo.o(i.DHT11_Timer) refers to dht11.o(.data) for TL
    freertos_demo.o(i.Display) refers to tasks.o(i.xTaskGetHandle) for xTaskGetHandle
    freertos_demo.o(i.Display) refers to stm32f10x_iwdg.o(i.IWDG_ReloadCounter) for IWDG_ReloadCounter
    freertos_demo.o(i.Display) refers to oled.o(i.OLED_Clear) for OLED_Clear
    freertos_demo.o(i.Display) refers to oled.o(i.OLED_ShowString) for OLED_ShowString
    freertos_demo.o(i.Display) refers to oled.o(i.OLED_ShowNum) for OLED_ShowNum
    freertos_demo.o(i.Display) refers to oled.o(i.OLED_ShowChar) for OLED_ShowChar
    freertos_demo.o(i.Display) refers to oled.o(i.OLED_Update) for OLED_Update
    freertos_demo.o(i.Display) refers to tasks.o(i.xTaskGetTickCount) for xTaskGetTickCount
    freertos_demo.o(i.Display) refers to tasks.o(i.xTaskDelayUntil) for xTaskDelayUntil
    freertos_demo.o(i.Display) refers to dht11.o(.data) for TH
    freertos_demo.o(i.Freertos_start) refers to queue.o(i.xQueueGenericCreate) for xQueueGenericCreate
    freertos_demo.o(i.Freertos_start) refers to printfa.o(i.__0printf) for __2printf
    freertos_demo.o(i.Freertos_start) refers to queue.o(i.xQueueCreateMutex) for xQueueCreateMutex
    freertos_demo.o(i.Freertos_start) refers to queue.o(i.xQueueGenericSend) for xQueueGenericSend
    freertos_demo.o(i.Freertos_start) refers to timers.o(i.xTimerCreate) for xTimerCreate
    freertos_demo.o(i.Freertos_start) refers to tasks.o(i.xTaskCreate) for xTaskCreate
    freertos_demo.o(i.Freertos_start) refers to tasks.o(i.vTaskStartScheduler) for vTaskStartScheduler
    freertos_demo.o(i.Freertos_start) refers to freertos_demo.o(.data) for LED_Queue
    freertos_demo.o(i.Freertos_start) refers to freertos_demo.o(i.DHT11_Timer) for DHT11_Timer
    freertos_demo.o(i.Freertos_start) refers to freertos_demo.o(i.Start_Task) for Start_Task
    freertos_demo.o(i.LED_Control) refers to esp8266.o(i.MQTT_Get) for MQTT_Get
[...]
    prvProcessTimerOrBlockTask               0x080096dd   Thumb Code   102  timers.o(i.prvProcessTimerOrBlockTask)
    i.prvReloadTimer                         0x08009750   Section        0  timers.o(i.prvReloadTimer)
    prvReloadTimer                           0x08009751   Thumb Code    40  timers.o(i.prvReloadTimer)
    i.prvResetNextTaskUnblockTime            0x08009778   Section        0  tasks.o(i.prvResetNextTaskUnblockTime)
    prvResetNextTaskUnblockTime              0x08009779   Thumb Code    40  tasks.o(i.prvResetNextTaskUnblockTime)
    i.prvSampleTimeNow                       0x080097a8   Section        0  timers.o(i.prvSampleTimeNow)
    prvSampleTimeNow                         0x080097a9   Thumb Code    40  timers.o(i.prvSampleTimeNow)
    i.prvSearchForNameWithinSingleList       0x080097d4   Section        0  tasks.o(i.prvSearchForNameWithinSingleList)
    prvSearchForNameWithinSingleList         0x080097d5   Thumb Code    92  tasks.o(i.prvSearchForNameWithinSingleList)
    i.prvSwitchTimerLists                    0x08009830   Section        0  timers.o(i.prvSwitchTimerLists)
    prvSwitchTimerLists                      0x08009831   Thumb Code    58  timers.o(i.prvSwitchTimerLists)
    i.prvTaskExitError                       0x08009874   Section        0  port.o(i.prvTaskExitError)
    prvTaskExitError                         0x08009875   Thumb Code    22  port.o(i.prvTaskExitError)
    i.prvTimerTask                           0x0800988a   Section        0  timers.o(i.prvTimerTask)
    prvTimerTask                             0x0800988b   Thumb Code    26  timers.o(i.prvTimerTask)
    i.prvUnlockQueue                         0x080098a4   Section        0  queue.o(i.prvUnlockQueue)
    prvUnlockQueue                           0x080098a5   Thumb Code   126  queue.o(i.prvUnlockQueue)
    i.pvPortMalloc                           0x08009924   Section        0  heap_4.o(i.pvPortMalloc)
    i.pvTaskIncrementMutexHeldCount          0x08009a24   Section        0  tasks.o(i.pvTaskIncrementMutexHeldCount)
    i.pxPortInitialiseStack                  0x08009a38   Section        0  port.o(i.pxPortInitialiseStack)
    i.ulTaskGenericNotifyTake                0x08009a5c   Section        0  tasks.o(i.ulTaskGenericNotifyTake)
    i.uxListRemove                           0x08009b08   Section        0  list.o(i.uxListRemove)
    i.uxTaskGetNumberOfTasks                 0x08009b30   Section        0  tasks.o(i.uxTaskGetNumberOfTasks)
    i.vApplicationGetIdleTaskMemory          0x08009b3c   Section        0  freertos_demo.o(i.vApplicationGetIdleTaskMemory)
    i.vApplicationGetTimerTaskMemory         0x08009b54   Section        0  freertos_demo.o(i.vApplicationGetTimerTaskMemory)
    i.vApplicationIdleHook                   0x08009b6c   Section        0  freertos_demo.o(i.vApplicationIdleHook)
    i.vApplicationStackOverflowHook          0x08009ce4   Section        0  freertos_demo.o(i.vApplicationStackOverflowHook)
    i.vListInitialise                        0x08009d18   Section        0  list.o(i.vListInitialise)
    i.vListInitialiseItem                    0x08009d32   Section        0  list.o(i.vListInitialiseItem)
    i.vListInsert                            0x08009d38   Section        0  list.o(i.vListInsert)
    i.vListInsertEnd                         0x08009d6c   Section        0  list.o(i.vListInsertEnd)
    i.vPortEnterCritical                     0x08009d84   Section        0  port.o(i.vPortEnterCritical)
    i.vPortExitCritical                      0x08009da8   Section        0  port.o(i.vPortExitCritical)
    i.vPortFree                              0x08009dc8   Section        0  heap_4.o(i.vPortFree)
    i.vPortSetupTimerInterrupt               0x08009e14   Section        0  port.o(i.vPortSetupTimerInterrupt)
    i.vPortSuppressTicksAndSleep             0x08009e58   Section        0  port.o(i.vPortSuppressTicksAndSleep)
    i.vQueueWaitForMessageRestricted         0x08009f9c   Section        0  queue.o(i.vQueueWaitForMessageRestricted)
    i.vTaskDelay                             0x08009fe8   Section        0  tasks.o(i.vTaskDelay)
    i.vTaskDelete                            0x0800a01c   Section        0  tasks.o(i.vTaskDelete)
    i.vTaskInternalSetTimeOutState           0x0800a108   Section        0  tasks.o(i.vTaskInternalSetTimeOutState)
    i.vTaskMissedYield                       0x0800a120   Section        0  tasks.o(i.vTaskMissedYield)
    i.vTaskPlaceOnEventList                  0x0800a12c   Section        0  tasks.o(i.vTaskPlaceOnEventList)
    i.vTaskPlaceOnEventListRestricted        0x0800a14c   Section        0  tasks.o(i.vTaskPlaceOnEventListRestricted)
    i.vTaskPriorityDisinheritAfterTimeout    0x0800a19c   Section        0  tasks.o(i.vTaskPriorityDisinheritAfterTimeout)
    i.vTaskStartScheduler                    0x0800a278   Section        0  tasks.o(i.vTaskStartScheduler)
    i.vTaskStepTick                          0x0800a2d0   Section        0  tasks.o(i.vTaskStepTick)
    i.vTaskSuspendAll                        0x0800a310   Section        0  tasks.o(i.vTaskSuspendAll)
    i.vTaskSwitchContext                     0x0800a320   Section        0  tasks.o(i.vTaskSwitchContext)
    i.xPortStartScheduler                    0x0800a3cc   Section        0  port.o(i.xPortStartScheduler)
    i.xPortSysTickHandler                    0x0800a400   Section        0  port.o(i.xPortSysTickHandler)
    i.xQueueCreateMutex                      0x0800a434   Section        0  queue.o(i.xQueueCreateMutex)
    i.xQueueGenericCreate                    0x0800a456   Section        0  queue.o(i.xQueueGenericCreate)
    i.xQueueGenericCreateStatic              0x0800a4a8   Section        0  queue.o(i.xQueueGenericCreateStatic)
    i.xQueueGenericReset                     0x0800a4e8   Section        0  queue.o(i.xQueueGenericReset)
    i.xQueueGenericSend                      0x0800a588   Section        0  queue.o(i.xQueueGenericSend)
    i.xQueueGiveFromISR                      0x0800a6a0   Section        0  queue.o(i.xQueueGiveFromISR)
    i.xQueueReceive                          0x0800a728   Section        0  queue.o(i.xQueueReceive)
    i.xQueueSemaphoreTake                    0x0800a82c   Section        0  queue.o(i.xQueueSemaphoreTake)
    i.xTaskCheckForTimeOut                   0x0800a95c   Section        0  tasks.o(i.xTaskCheckForTimeOut)
    i.xTaskCreate                            0x0800a9bc   Section        0  tasks.o(i.xTaskCreate)
    i.xTaskCreateStatic                      0x0800a9f4   Section        0  tasks.o(i.xTaskCreateStatic)
    i.xTaskDelayUntil                        0x0800aa34   Section        0  tasks.o(i.xTaskDelayUntil)
    i.xTaskGenericNotify                     0x0800aaa8   Section        0  tasks.o(i.xTaskGenericNotify)
    i.xTaskGetHandle                         0x0800ac08   Section        0  tasks.o(i.xTaskGetHandle)
    i.xTaskGetSchedulerState                 0x0800ac84   Section        0  tasks.o(i.xTaskGetSchedulerState)
    i.xTaskGetTickCount                      0x0800aca4   Section        0  tasks.o(i.xTaskGetTickCount)
    i.xTaskIncrementTick                     0x0800acb0   Section        0  tasks.o(i.xTaskIncrementTick)
    i.xTaskPriorityDisinherit                0x0800ae50   Section        0  tasks.o(i.xTaskPriorityDisinherit)
    i.xTaskPriorityInherit                   0x0800af04   Section        0  tasks.o(i.xTaskPriorityInherit)
    i.xTaskRemoveFromEventList               0x0800aff8   Section        0  tasks.o(i.xTaskRemoveFromEventList)
    i.xTaskResumeAll                         0x0800b118   Section        0  tasks.o(i.xTaskResumeAll)
    i.xTimerCreate                           0x0800b294   Section        0  timers.o(i.xTimerCreate)
    i.xTimerCreateTimerTask                  0x0800b2cc   Section        0  timers.o(i.xTimerCreateTimerTask)
    i.xTimerGenericCommandFromTask           0x0800b32c   Section        0  timers.o(i.xTimerGenericCommandFromTask)
    .constdata                               0x0800b384   Section     2374  oled_data.o(.constdata)
    .constdata                               0x0800bcca   Section      129  ctype_o.o(.constdata)
    .constdata                               0x0800bd4c   Section        4  ctype_o.o(.constdata)
    table                                    0x0800bd4c   Data           4  ctype_o.o(.constdata)
    .conststring                             0x0800bd50   Section      157  freertos_demo.o(.conststring)
    .conststring                             0x0800bdf0   Section     1195  esp8266.o(.conststring)
    .data                                    0x20000000   Section       89  freertos_demo.o(.data)
    lastReconnect                            0x20000034   Data           4  freertos_demo.o(.data)
    initialized                              0x20000058   Data           1  freertos_demo.o(.data)
    .data                                    0x20000059   Section       20  stm32f10x_rcc.o(.data)
    APBAHBPrescTable                         0x20000059   Data          16  stm32f10x_rcc.o(.data)
    ADCPrescTable                            0x20000069   Data           4  stm32f10x_rcc.o(.data)
    .data                                    0x20000070   Section       64  tasks.o(.data)
    pxDelayedTaskList                        0x20000074   Data           4  tasks.o(.data)
    pxOverflowDelayedTaskList                0x20000078   Data           4  tasks.o(.data)
    uxDeletedTasksWaitingCleanUp             0x2000007c   Data           4  tasks.o(.data)
    uxCurrentNumberOfTasks                   0x20000080   Data           4  tasks.o(.data)
    xTickCount                               0x20000084   Data           4  tasks.o(.data)
    uxTopReadyPriority                       0x20000088   Data           4  tasks.o(.data)
    xSchedulerRunning                        0x2000008c   Data           4  tasks.o(.data)
    xPendedTicks                             0x20000090   Data           4  tasks.o(.data)
    xYieldPendings                           0x20000094   Data           4  tasks.o(.data)
    xNumOfOverflows                          0x20000098   Data           4  tasks.o(.data)
    uxTaskNumber                             0x2000009c   Data           4  tasks.o(.data)
    xNextTaskUnblockTime                     0x200000a0   Data           4  tasks.o(.data)
    xIdleTaskHandles                         0x200000a4   Data           4  tasks.o(.data)
    uxTopUsedPriority                        0x200000a8   Data           4  tasks.o(.data)
    uxSchedulerSuspended                     0x200000ac   Data           4  tasks.o(.data)
    .data                                    0x200000b0   Section       20  timers.o(.data)
    pxCurrentTimerList                       0x200000b0   Data           4  timers.o(.data)
    pxOverflowTimerList                      0x200000b4   Data           4  timers.o(.data)
    xTimerQueue                              0x200000b8   Data           4  timers.o(.data)
    xTimerTaskHandle                         0x200000bc   Data           4  timers.o(.data)
    xLastTime                                0x200000c0   Data           4  timers.o(.data)
    .data                                    0x200000c4   Section       28  heap_4.o(.data)
    xStart                                   0x200000c4   Data           8  heap_4.o(.data)
    pxEnd                                    0x200000cc   Data           4  heap_4.o(.data)
    xFreeBytesRemaining                      0x200000d0   Data           4  heap_4.o(.data)
    xMinimumEverFreeBytesRemaining           0x200000d4   Data           4  heap_4.o(.data)
    xNumberOfSuccessfulAllocations           0x200000d8   Data           4  heap_4.o(.data)
    xNumberOfSuccessfulFrees                 0x200000dc   Data           4  heap_4.o(.data)
    .data                                    0x200000e0   Section       16  port.o(.data)
    uxCriticalNesting                        0x200000e0   Data           4  port.o(.data)
    ulTimerCountsForOneTick                  0x200000e4   Data           4  port.o(.data)
    xMaximumPossibleSuppressedTicks          0x200000e8   Data           4  port.o(.data)
    ulStoppedTimerCompensation               0x200000ec   Data           4  port.o(.data)
    .data                                    0x200000f0   Section        8  usart.o(.data)
    .data                                    0x200000f8   Section       25  esp8266.o(.data)
    count                                    0x20000110   Data           1  esp8266.o(.data)
    .data                                    0x20000111   Section        5  dht11.o(.data)
    .data                                    0x20000118   Section        4  errno.o(.data)
    _errno                                   0x20000118   Data           4  errno.o(.data)
    .bss                                     0x2000011c   Section     1484  freertos_demo.o(.bss)
    xIdleTaskStack                           0x20000270   Data         256  freertos_demo.o(.bss)
    xIdleTaskTCB                             0x20000370   Data          84  freertos_demo.o(.bss)
    xTimerTaskStack                          0x200003c4   Data         720  freertos_demo.o(.bss)
    xTimerTaskTCB                            0x20000694   Data          84  freertos_demo.o(.bss)
    .bss                                     0x200006e8   Section      300  tasks.o(.bss)
    pxReadyTasksLists                        0x200006e8   Data         200  tasks.o(.bss)
    xDelayedTaskList1                        0x200007b0   Data          20  tasks.o(.bss)
    xDelayedTaskList2                        0x200007c4   Data          20  tasks.o(.bss)
    xPendingReadyList                        0x200007d8   Data          20  tasks.o(.bss)
    xTasksWaitingTermination                 0x200007ec   Data          20  tasks.o(.bss)
    xSuspendedTaskList                       0x20000800   Data          20  tasks.o(.bss)
    .bss                                     0x20000814   Section      136  timers.o(.bss)
    xActiveTimerList1                        0x20000814   Data          20  timers.o(.bss)
    xActiveTimerList2                        0x20000828   Data          20  timers.o(.bss)
    xStaticTimerQueue                        0x2000083c   Data          72  timers.o(.bss)
    ucStaticTimerQueueStorage                0x20000884   Data          24  timers.o(.bss)
    .bss                                     0x2000089c   Section     9050  heap_4.o(.bss)
    ucHeap                                   0x2000089c   Data        9050  heap_4.o(.bss)
    .bss                                     0x20002bf6   Section     1034  usart.o(.bss)
    .bss                                     0x20003000   Section       12  esp8266.o(.bss)
    .bss                                     0x2000300c   Section     1024  oled.o(.bss)
    STACK                                    0x20003410   Section     1024  startup_stm32f10x_md.o(STACK)

    Global Symbols

    Symbol Name                              Value     Ov Type        Size  Object(Section)

    BuildAttributes$$THM_ISAv4$P$D$K$B$S$PE$A:L22UL41UL21$X:L11$S22US41US21$IEEE1$IW$USESV6$~STKCKD$USESV7$~SHL$OTIME$ROPI$IEEEX$EBA8$MICROLIB$REQ8$PRES8$EABIv2 0x00000000   Number         0  anon$$obj.o ABSOLUTE
    __ARM_use_no_argv                        0x00000000   Number         0  main.o ABSOLUTE
    _printf_a                                0x00000000   Number         0  stubs.o ABSOLUTE
    _printf_c                                0x00000000   Number         0  stubs.o ABSOLUTE
    _printf_charcount                        0x00000000   Number         0  stubs.o ABSOLUTE
    _printf_d                                0x00000000   Number         0  stubs.o ABSOLUTE
    _printf_e                                0x00000000   Number         0  stubs.o ABSOLUTE
    _printf_f                                0x00000000   Number         0  stubs.o ABSOLUTE
    _printf_flags                            0x00000000   Number         0  stubs.o ABSOLUTE
    _printf_fp_dec                           0x00000000   Number         0  stubs.o ABSOLUTE
    _printf_fp_hex                           0x00000000   Number         0  stubs.o ABSOLUTE
    _printf_g                                0x00000000   Number         0  stubs.o ABSOLUTE
    _printf_i                                0x00000000   Number         0  stubs.o ABSOLUTE
    _printf_int_dec                          0x00000000   Number         0  stubs.o ABSOLUTE
    _printf_l                                0x00000000   Number         0  stubs.o ABSOLUTE
    _printf_lc                               0x00000000   Number         0  stubs.o ABSOLUTE
    _printf_ll                               0x00000000   Number         0  stubs.o ABSOLUTE
    _printf_lld                              0x00000000   Number         0  stubs.o ABSOLUTE
    _printf_lli                              0x00000000   Number         0  stubs.o ABSOLUTE
    _printf_llo                              0x00000000   Number         0  stubs.o ABSOLUTE
    _printf_llu                              0x00000000   Number         0  stubs.o ABSOLUTE
    _printf_llx                              0x00000000   Number         0  stubs.o ABSOLUTE
    _printf_longlong_dec                     0x00000000   Number         0  stubs.o ABSOLUTE
    _printf_longlong_hex                     0x00000000   Number         0  stubs.o ABSOLUTE
    _printf_longlong_oct                     0x00000000   Number         0  stubs.o ABSOLUTE
    _printf_ls                               0x00000000   Number         0  stubs.o ABSOLUTE
    _printf_mbtowc                           0x00000000   Number         0  stubs.o ABSOLUTE
    _printf_n                                0x00000000   Number         0  stubs.o ABSOLUTE
    _printf_o                                0x00000000   Number         0  stubs.o ABSOLUTE
    _printf_p                                0x00000000   Number         0  stubs.o ABSOLUTE
    _printf_percent                          0x00000000   Number         0  stubs.o ABSOLUTE
    _printf_pre_padding                      0x00000000   Number         0  stubs.o ABSOLUTE
    _printf_return_value                     0x00000000   Number         0  stubs.o ABSOLUTE
    _printf_s                                0x00000000   Number         0  stubs.o ABSOLUTE
    _printf_sizespec                         0x00000000   Number         0  stubs.o ABSOLUTE
    _printf_str                              0x00000000   Number         0  stubs.o ABSOLUTE
    _printf_truncate_signed                  0x00000000   Number         0  stubs.o ABSOLUTE
    _printf_truncate_unsigned                0x00000000   Number         0  stubs.o ABSOLUTE
    _printf_u                                0x00000000   Number         0  stubs.o ABSOLUTE
    _printf_wc                               0x00000000   Number         0  stubs.o ABSOLUTE
    _printf_wctomb                           0x00000000   Number         0  stubs.o ABSOLUTE
    _printf_widthprec                        0x00000000   Number         0  stubs.o ABSOLUTE
    _printf_x                                0x00000000   Number         0  stubs.o ABSOLUTE
    __cpp_initialize__aeabi_                  - Undefined Weak Reference
    __cxa_finalize                            - Undefined Weak Reference
    __decompress                              - Undefined Weak Reference
    _clock_init                               - Undefined Weak Reference
    _microlib_exit                            - Undefined Weak Reference
    _scanf_int                                - Undefined Weak Reference
    _scanf_longlong                           - Undefined Weak Reference
    _scanf_real                               - Undefined Weak Reference
    __Vectors_Size                           0x000000ec   Number         0  startup_stm32f10x_md.o ABSOLUTE
    __Vectors                                0x08005000   Data           4  startup_stm32f10x_md.o(RESET)
    __Vectors_End                            0x080050ec   Data           0  startup_stm32f10x_md.o(RESET)
    __main                                   0x080050ed   Thumb Code     0  entry.o(.ARM.Collect$$$$00000000)
    _main_stk                                0x080050ed   Thumb Code     0  entry2.o(.ARM.Collect$$$$00000001)
    _main_scatterload                        0x080050f1   Thumb Code     0  entry5.o(.ARM.Collect$$$$00000004)
    __main_after_scatterload                 0x080050f5   Thumb Code     0  entry5.o(.ARM.Collect$$$$00000004)
    _main_clock                              0x080050f5   Thumb Code     0  entry7b.o(.ARM.Collect$$$$00000008)
    _main_cpp_init                           0x080050f5   Thumb Code     0  entry8b.o(.ARM.Collect$$$$0000000A)
    _main_init                               0x080050f5   Thumb Code     0  entry9a.o(.ARM.Collect$$$$0000000B)
    __rt_final_cpp                           0x080050fd   Thumb Code     0  entry10a.o(.ARM.Collect$$$$0000000D)
    __rt_final_exit                          0x080050fd   Thumb Code     0  entry11a.o(.ARM.Collect$$$$0000000F)
    SVC_Handler                              0x08005101   Thumb Code    32  port.o(.emb_text)
    __asm___6_port_c_39a90d8d__prvStartFirstTask 0x08005125   Thumb Code    28  port.o(.emb_text)
    PendSV_Handler                           0x08005145   Thumb Code    72  port.o(.emb_text)
    vPortGetIPSR                             0x08005191   Thumb Code     6  port.o(.emb_text)
    Reset_Handler                            0x08005199   Thumb Code     8  startup_stm32f10x_md.o(.text)
    ADC1_2_IRQHandler                        0x080051b3   Thumb Code     0  startup_stm32f10x_md.o(.text)
    CAN1_RX1_IRQHandler                      0x080051b3   Thumb Code     0  startup_stm32f10x_md.o(.text)
    CAN1_SCE_IRQHandler                      0x080051b3   Thumb Code     0  startup_stm32f10x_md.o(.text)
    DMA1_Channel1_IRQHandler                 0x080051b3   Thumb Code     0  startup_stm32f10x_md.o(.text)
    DMA1_Channel2_IRQHandler                 0x080051b3   Thumb Code     0  startup_stm32f10x_md.o(.text)
    DMA1_Channel3_IRQHandler                 0x080051b3   Thumb Code     0  startup_stm32f10x_md.o(.text)
    DMA1_Channel4_IRQHandler                 0x080051b3   Thumb Code     0  startup_stm32f10x_md.o(.text)
    DMA1_Channel6_IRQHandler                 0x080051b3   Thumb Code     0  startup_stm32f10x_md.o(.text)
    DMA1_Channel7_IRQHandler                 0x080051b3   Thumb Code     0  startup_stm32f10x_md.o(.text)
    EXTI0_IRQHandler                         0x080051b3   Thumb Code     0  startup_stm32f10x_md.o(.text)
    EXTI15_10_IRQHandler                     0x080051b3   Thumb Code     0  startup_stm32f10x_md.o(.text)
    EXTI1_IRQHandler                         0x080051b3   Thumb Code     0  startup_stm32f10x_md.o(.text)
    EXTI2_IRQHandler                         0x080051b3   Thumb Code     0  startup_stm32f10x_md.o(.text)
    EXTI3_IRQHandler                         0x080051b3   Thumb Code     0  startup_stm32f10x_md.o(.text)
    EXTI4_IRQHandler                         0x080051b3   Thumb Code     0  startup_stm32f10x_md.o(.text)
    EXTI9_5_IRQHandler                       0x080051b3   Thumb Code     0  startup_stm32f10x_md.o(.text)
    FLASH_IRQHandler                         0x080051b3   Thumb Code     0  startup_stm32f10x_md.o(.text)
    I2C1_ER_IRQHandler                       0x080051b3   Thumb Code     0  startup_stm32f10x_md.o(.text)
    I2C1_EV_IRQHandler                       0x080051b3   Thumb Code     0  startup_stm32f10x_md.o(.text)
    I2C2_ER_IRQHandler                       0x080051b3   Thumb Code     0  startup_stm32f10x_md.o(.text)
    I2C2_EV_IRQHandler                       0x080051b3   Thumb Code     0  startup_stm32f10x_md.o(.text)
    PVD_IRQHandler                           0x080051b3   Thumb Code     0  startup_stm32f10x_md.o(.text)
    RCC_IRQHandler                           0x080051b3   Thumb Code     0  startup_stm32f10x_md.o(.text)
    RTCAlarm_IRQHandler                      0x080051b3   Thumb Code     0  startup_stm32f10x_md.o(.text)
    RTC_IRQHandler                           0x080051b3   Thumb Code     0  startup_stm32f10x_md.o(.text)
    SPI1_IRQHandler                          0x080051b3   Thumb Code     0  startup_stm32f10x_md.o(.text)
    SPI2_IRQHandler                          0x080051b3   Thumb Code     0  startup_stm32f10x_md.o(.text)
    TAMPER_IRQHandler                        0x080051b3   Thumb Code     0  startup_stm32f10x_md.o(.text)
    TIM1_BRK_IRQHandler                      0x080051b3   Thumb Code     0  startup_stm32f10x_md.o(.text)
    TIM1_CC_IRQHandler                       0x080051b3   Thumb Code     0  startup_stm32f10x_md.o(.text)
    TIM1_TRG_COM_IRQHandler                  0x080051b3   Thumb Code     0  startup_stm32f10x_md.o(.text)
    TIM1_UP_IRQHandler                       0x080051b3   Thumb Code     0  startup_stm32f10x_md.o(.text)
    TIM2_IRQHandler                          0x080051b3   Thumb Code     0  startup_stm32f10x_md.o(.text)
    TIM3_IRQHandler                          0x080051b3   Thumb Code     0  startup_stm32f10x_md.o(.text)
    TIM4_IRQHandler                          0x080051b3   Thumb Code     0  startup_stm32f10x_md.o(.text)
    USART2_IRQHandler                        0x080051b3   Thumb Code     0  startup_stm32f10x_md.o(.text)
    USART3_IRQHandler                        0x080051b3   Thumb Code     0  startup_stm32f10x_md.o(.text)
    USBWakeUp_IRQHandler                     0x080051b3   Thumb Code     0  startup_stm32f10x_md.o(.text)
    USB_HP_CAN1_TX_IRQHandler                0x080051b3   Thumb Code     0  startup_stm32f10x_md.o(.text)
    USB_LP_CAN1_RX0_IRQHandler               0x080051b3   Thumb Code     0  startup_stm32f10x_md.o(.text)
    WWDG_IRQHandler                          0x080051b3   Thumb Code     0  startup_stm32f10x_md.o(.text)
    __aeabi_memcpy                           0x080051bd   Thumb Code    36  memcpya.o(.text)
    __aeabi_memcpy4                          0x080051bd   Thumb Code     0  memcpya.o(.text)
    __aeabi_memcpy8                          0x080051bd   Thumb Code     0  memcpya.o(.text)
    __aeabi_memset                           0x080051e1   Thumb Code    14  memseta.o(.text)
    __aeabi_memset4                          0x080051e1   Thumb Code     0  memseta.o(.text)
    __aeabi_memset8                          0x080051e1   Thumb Code     0  memseta.o(.text)
    __aeabi_memclr                           0x080051ef   Thumb Code     4  memseta.o(.text)
    __aeabi_memclr4                          0x080051ef   Thumb Code     0  memseta.o(.text)
    __aeabi_memclr8                          0x080051ef   Thumb Code     0  memseta.o(.text)
    _memset$wrapper                          0x080051f3   Thumb Code    18  memseta.o(.text)
    strcat                                   0x08005205   Thumb Code    24  strcat.o(.text)
    strstr                                   0x0800521d   Thumb Code    36  strstr.o(.text)
    strncpy                                  0x08005241   Thumb Code    24  strncpy.o(.text)
    strchr                                   0x08005259   Thumb Code    20  strchr.o(.text)
    strlen                                   0x0800526d   Thumb Code    14  strlen.o(.text)
    __0sscanf                                0x0800527d   Thumb Code    48  __0sscanf.o(.text)
    _scanf_string                            0x080052b5   Thumb Code   224  _scanf_str.o(.text)
    strtoul                                  0x08005395   Thumb Code   114  strtoul.o(.text)
    __aeabi_fadd                             0x08005407   Thumb Code   164  fadd.o(.text)
    __aeabi_fsub                             0x080054ab   Thumb Code     6  fadd.o(.text)
    __aeabi_frsub                            0x080054b1   Thumb Code     6  fadd.o(.text)
    __aeabi_fmul                             0x080054b7   Thumb Code   100  fmul.o(.text)
    __aeabi_fdiv                             0x0800551b   Thumb Code   124  fdiv.o(.text)
    __aeabi_dadd                             0x08005597   Thumb Code   322  dadd.o(.text)
    __aeabi_dsub                             0x080056d9   Thumb Code     6  dadd.o(.text)
    __aeabi_drsub                            0x080056df   Thumb Code     6  dadd.o(.text)
    __aeabi_dmul                             0x080056e5   Thumb Code   228  dmul.o(.text)
    __aeabi_ddiv                             0x080057c9   Thumb Code   222  ddiv.o(.text)
    __aeabi_f2uiz                            0x080058a7   Thumb Code    40  ffixui.o(.text)
    __aeabi_cdrcmple                         0x080058d1   Thumb Code    48  cdrcmple.o(.text)
    __aeabi_uidiv                            0x08005901   Thumb Code     0  uidiv.o(.text)
    __aeabi_uidivmod                         0x08005901   Thumb Code    44  uidiv.o(.text)
    __aeabi_uldivmod                         0x0800592d   Thumb Code    98  uldiv.o(.text)
    __aeabi_llsl                             0x0800598f   Thumb Code    30  llshl.o(.text)
    _ll_shift_l                              0x0800598f   Thumb Code     0  llshl.o(.text)
    __aeabi_llsr                             0x080059ad   Thumb Code    32  llushr.o(.text)
    _ll_ushift_r                             0x080059ad   Thumb Code     0  llushr.o(.text)
    __aeabi_lasr                             0x080059cd   Thumb Code    36  llsshr.o(.text)
    _ll_sshift_r                             0x080059cd   Thumb Code     0  llsshr.o(.text)
    __rt_ctype_table                         0x080059f1   Thumb Code     4  ctype_o.o(.text)
    isspace                                  0x080059f9   Thumb Code    18  isspace_o.o(.text)
    __vfscanf_char                           0x08005a19   Thumb Code    20  scanf_char.o(.text)
    _sgetc                                   0x08005a35   Thumb Code    30  _sgetc.o(.text)
    _sbackspace                              0x08005a53   Thumb Code    34  _sgetc.o(.text)
    _strtoul                                 0x08005a75   Thumb Code   158  _strtoul.o(.text)
    __I$use$fp                               0x08005b13   Thumb Code     0  iusefp.o(.text)
    _float_round                             0x08005b13   Thumb Code    18  fepilogue.o(.text)
    _float_epilogue                          0x08005b25   Thumb Code    92  fepilogue.o(.text)
    _double_round                            0x08005b81   Thumb Code    30  depilogue.o(.text)
    _double_epilogue                         0x08005b9f   Thumb Code   156  depilogue.o(.text)
    __aeabi_d2ulz                            0x08005c3b   Thumb Code    48  dfixul.o(.text)
    __scatterload                            0x08005c6d   Thumb Code    28  init.o(.text)
    __scatterload_rt2                        0x08005c6d   Thumb Code     0  init.o(.text)
    _chval                                   0x08005c91   Thumb Code    28  _chval.o(.text)
    __vfscanf                                0x08005cad   Thumb Code   808  _scanf.o(.text)
    Attribute_Res                            0x08005fd9   Thumb Code   236  freertos_demo.o(i.Attribute_Res)
    BusFault_Handler                         0x080060f1   Thumb Code     4  stm32f10x_it.o(i.BusFault_Handler)
    DHT11_Check                              0x080060f5   Thumb Code    68  dht11.o(i.DHT11_Check)
    DHT11_Init                               0x0800613d   Thumb Code    58  dht11.o(i.DHT11_Init)
    DHT11_Rst                                0x0800617d   Thumb Code    86  dht11.o(i.DHT11_Rst)
    DHT11_Timer                              0x080061d9   Thumb Code    94  freertos_demo.o(i.DHT11_Timer)
    DMA1_Channel5_IRQHandler                 0x08006261   Thumb Code    22  usart.o(i.DMA1_Channel5_IRQHandler)
    DMA_ClearITPendingBit                    0x08006279   Thumb Code    18  stm32f10x_dma.o(i.DMA_ClearITPendingBit)
    DMA_Cmd                                  0x08006295   Thumb Code    24  stm32f10x_dma.o(i.DMA_Cmd)
    DMA_GetITStatus                          0x080062ad   Thumb Code    36  stm32f10x_dma.o(i.DMA_GetITStatus)
    DMA_ITConfig                             0x080062d9   Thumb Code    18  stm32f10x_dma.o(i.DMA_ITConfig)
    DMA_Init                                 0x080062eb   Thumb Code    60  stm32f10x_dma.o(i.DMA_Init)
    DebugMon_Handler                         0x08006327   Thumb Code     2  stm32f10x_it.o(i.DebugMon_Handler)
    Delay_Init                               0x08006329   Thumb Code    52  delay.o(i.Delay_Init)
    Display                                  0x08006361   Thumb Code   176  freertos_demo.o(i.Display)
    ESP8266_Clear                            0x08006445   Thumb Code    14  esp8266.o(i.ESP8266_Clear)
    ESP8266_ReadData                         0x08006459   Thumb Code   154  esp8266.o(i.ESP8266_ReadData)
    ESP8266_SendCmd                          0x08006501   Thumb Code   152  esp8266.o(i.ESP8266_SendCmd)
    Esp8266_Init                             0x080065a5   Thumb Code   106  esp8266.o(i.Esp8266_Init)
    Freertos_start                           0x0800670d   Thumb Code   152  freertos_demo.o(i.Freertos_start)
    GPIO_Init                                0x08006801   Thumb Code   278  stm32f10x_gpio.o(i.GPIO_Init)
    GPIO_ReadInputDataBit                    0x08006917   Thumb Code    18  stm32f10x_gpio.o(i.GPIO_ReadInputDataBit)
    GPIO_ResetBits                           0x08006929   Thumb Code     4  stm32f10x_gpio.o(i.GPIO_ResetBits)
    GPIO_SetBits                             0x0800692d   Thumb Code     4  stm32f10x_gpio.o(i.GPIO_SetBits)
    GPIO_WriteBit                            0x08006931   Thumb Code    10  stm32f10x_gpio.o(i.GPIO_WriteBit)
    HardFault_Handler                        0x0800693b   Thumb Code     4  stm32f10x_it.o(i.HardFault_Handler)
    IWDG_Enable                              0x08006941   Thumb Code    10  stm32f10x_iwdg.o(i.IWDG_Enable)
    IWDG_Init                                0x08006951   Thumb Code    34  iwdg.o(i.IWDG_Init)
    IWDG_ReloadCounter                       0x08006975   Thumb Code    10  stm32f10x_iwdg.o(i.IWDG_ReloadCounter)
    IWDG_SetPrescaler                        0x08006985   Thumb Code     6  stm32f10x_iwdg.o(i.IWDG_SetPrescaler)
    IWDG_SetReload                           0x08006991   Thumb Code     6  stm32f10x_iwdg.o(i.IWDG_SetReload)
    IWDG_WriteAccessCmd                      0x0800699d   Thumb Code     6  stm32f10x_iwdg.o(i.IWDG_WriteAccessCmd)
    LED_Control                              0x080069a9   Thumb Code    68  freertos_demo.o(i.LED_Control)
    LED_Init                                 0x08006a05   Thumb Code    46  led.o(i.LED_Init)
    LED_Task                                 0x08006a39   Thumb Code   126  freertos_demo.o(i.LED_Task)
    LED_off                                  0x08006b01   Thumb Code    12  led.o(i.LED_off)
    LED_on                                   0x08006b11   Thumb Code    12  led.o(i.LED_on)
    MQTT_Get                                 0x08006b21   Thumb Code    94  esp8266.o(i.MQTT_Get)
    MemManage_Handler                        0x08006bb1   Thumb Code     4  stm32f10x_it.o(i.MemManage_Handler)
    MySPI_Init                               0x08006bb5   Thumb Code   174  myspi.o(i.MySPI_Init)
    MySPI_Start                              0x08006c6d   Thumb Code    10  myspi.o(i.MySPI_Start)
    MySPI_Stop                               0x08006c77   Thumb Code    10  myspi.o(i.MySPI_Stop)
    MySPI_SwapByte                           0x08006c81   Thumb Code    50  myspi.o(i.MySPI_SwapByte)
    MySPI_W_SS                               0x08006cb9   Thumb Code    16  myspi.o(i.MySPI_W_SS)
    NMI_Handler                              0x08006ccd   Thumb Code     2  stm32f10x_it.o(i.NMI_Handler)
    NVIC_Init                                0x08006cd1   Thumb Code   100  misc.o(i.NVIC_Init)
    NVIC_PriorityGroupConfig                 0x08006d41   Thumb Code    10  misc.o(i.NVIC_PriorityGroupConfig)
    OLED_Clear                               0x08006d55   Thumb Code    36  oled.o(i.OLED_Clear)
    OLED_ClearArea                           0x08006d7d   Thumb Code   162  oled.o(i.OLED_ClearArea)
    OLED_GPIO_Init                           0x08006e25   Thumb Code    92  oled.o(i.OLED_GPIO_Init)
    OLED_I2C_SendByte                        0x08006e85   Thumb Code    62  oled.o(i.OLED_I2C_SendByte)
    OLED_I2C_Start                           0x08006ec3   Thumb Code    28  oled.o(i.OLED_I2C_Start)
    OLED_I2C_Stop                            0x08006edf   Thumb Code    22  oled.o(i.OLED_I2C_Stop)
    OLED_Init                                0x08006ef5   Thumb Code   146  oled.o(i.OLED_Init)
    OLED_Pow                                 0x08006f87   Thumb Code    20  oled.o(i.OLED_Pow)
    OLED_SetCursor                           0x08006f9b   Thumb Code    34  oled.o(i.OLED_SetCursor)
    OLED_ShowChar                            0x08006fbd   Thumb Code    74  oled.o(i.OLED_ShowChar)
    OLED_ShowImage                           0x08007011   Thumb Code   296  oled.o(i.OLED_ShowImage)
    OLED_ShowNum                             0x0800713d   Thumb Code    76  oled.o(i.OLED_ShowNum)
    OLED_ShowString                          0x08007189   Thumb Code    46  oled.o(i.OLED_ShowString)
    OLED_Update                              0x080071b9   Thumb Code    36  oled.o(i.OLED_Update)
    OLED_W_SCL                               0x080071e1   Thumb Code    18  oled.o(i.OLED_W_SCL)
    OLED_W_SDA                               0x080071f9   Thumb Code    18  oled.o(i.OLED_W_SDA)
    OLED_WriteCommand                        0x08007211   Thumb Code    32  oled.o(i.OLED_WriteCommand)
    OLED_WriteData                           0x08007231   Thumb Code    46  oled.o(i.OLED_WriteData)
    ONENET_Control                           0x08007261   Thumb Code   114  freertos_demo.o(i.ONENET_Control)
    OTA_Init                                 0x080072f5   Thumb Code   310  esp8266.o(i.OTA_Init)
    Queue_Send                               0x0800753d   Thumb Code    24  freertos_demo.o(i.Queue_Send)
    RCC_AHBPeriphClockCmd                    0x08007555   Thumb Code    26  stm32f10x_rcc.o(i.RCC_AHBPeriphClockCmd)
    RCC_APB1PeriphClockCmd                   0x08007575   Thumb Code    26  stm32f10x_rcc.o(i.RCC_APB1PeriphClockCmd)
    RCC_APB2PeriphClockCmd                   0x08007595   Thumb Code    26  stm32f10x_rcc.o(i.RCC_APB2PeriphClockCmd)
    RCC_GetClocksFreq                        0x080075b5   Thumb Code   192  stm32f10x_rcc.o(i.RCC_GetClocksFreq)
    Read_Byte                                0x08007689   Thumb Code    30  dht11.o(i.Read_Byte)
    Read_DHT11_data                          0x080076a9   Thumb Code    92  dht11.o(i.Read_DHT11_data)
    Read_bit                                 0x08007719   Thumb Code    62  dht11.o(i.Read_bit)
    SPI_Cmd                                  0x0800775d   Thumb Code    24  stm32f10x_spi.o(i.SPI_Cmd)
    SPI_I2S_GetFlagStatus                    0x08007775   Thumb Code    18  stm32f10x_spi.o(i.SPI_I2S_GetFlagStatus)
    SPI_I2S_ReceiveData                      0x08007787   Thumb Code     6  stm32f10x_spi.o(i.SPI_I2S_ReceiveData)
    SPI_I2S_SendData                         0x0800778d   Thumb Code     4  stm32f10x_spi.o(i.SPI_I2S_SendData)
    SPI_Init                                 0x08007791   Thumb Code    60  stm32f10x_spi.o(i.SPI_Init)
    Servo_Control                            0x080077cd   Thumb Code    68  freertos_demo.o(i.Servo_Control)
    Servo_Init                               0x08007829   Thumb Code   140  servo.o(i.Servo_Init)
    Servo_Task                               0x080078bd   Thumb Code   200  freertos_demo.o(i.Servo_Task)
    Servo_angle                              0x080079f5   Thumb Code    50  servo.o(i.Servo_angle)
    ShangChuan                               0x08007b21   Thumb Code   150  esp8266.o(i.ShangChuan)
    Start_Task                               0x08007bd1   Thumb Code   150  freertos_demo.o(i.Start_Task)
    SysTick_Handler                          0x08007cd9   Thumb Code    16  stm32f10x_it.o(i.SysTick_Handler)
    SystemInit                               0x08007ce9   Thumb Code    76  system_stm32f10x.o(i.SystemInit)
    TIM_Cmd                                  0x08007d49   Thumb Code    24  stm32f10x_tim.o(i.TIM_Cmd)
    TIM_InternalClockConfig                  0x08007d61   Thumb Code    12  stm32f10x_tim.o(i.TIM_InternalClockConfig)
    TIM_OC2Init                              0x08007d6d   Thumb Code   154  stm32f10x_tim.o(i.TIM_OC2Init)
    TIM_OCStructInit                         0x08007e11   Thumb Code    20  stm32f10x_tim.o(i.TIM_OCStructInit)
    TIM_SetCompare4                          0x08007e25   Thumb Code     6  stm32f10x_tim.o(i.TIM_SetCompare4)
    TIM_TimeBaseInit                         0x08007e2d   Thumb Code   122  stm32f10x_tim.o(i.TIM_TimeBaseInit)
    USART1_IRQHandler                        0x08007ed1   Thumb Code   104  usart.o(i.USART1_IRQHandler)
    USART_Cmd                                0x08007f51   Thumb Code    24  stm32f10x_usart.o(i.USART_Cmd)
    USART_DMACmd                             0x08007f69   Thumb Code    18  stm32f10x_usart.o(i.USART_DMACmd)
    USART_GetITStatus                        0x08007f7b   Thumb Code    84  stm32f10x_usart.o(i.USART_GetITStatus)
    USART_ITConfig                           0x08007fcf   Thumb Code    74  stm32f10x_usart.o(i.USART_ITConfig)
    USART_Init                               0x08008019   Thumb Code   210  stm32f10x_usart.o(i.USART_Init)
    UsageFault_Handler                       0x080080f1   Thumb Code     4  stm32f10x_it.o(i.UsageFault_Handler)
    Usart1_init                              0x080080f5   Thumb Code   286  usart.o(i.Usart1_init)
    W25Q64_Init                              0x08008225   Thumb Code     8  w25q64.o(i.W25Q64_Init)
    W25Q64_PageProgram                       0x0800822d   Thumb Code    76  w25q64.o(i.W25Q64_PageProgram)
    W25Q64_ReadData                          0x08008279   Thumb Code    68  w25q64.o(i.W25Q64_ReadData)
    W25Q64_SectorErase                       0x080082bd   Thumb Code    50  w25q64.o(i.W25Q64_SectorErase)
    W25Q64_WaitBusy                          0x080082f1   Thumb Code    44  w25q64.o(i.W25Q64_WaitBusy)
    W25Q64_WriteEnable                       0x08008321   Thumb Code    18  w25q64.o(i.W25Q64_WriteEnable)
    __0printf                                0x08008335   Thumb Code    22  printfa.o(i.__0printf)
    __1printf                                0x08008335   Thumb Code     0  printfa.o(i.__0printf)
    __2printf                                0x08008335   Thumb Code     0  printfa.o(i.__0printf)
    __c89printf                              0x08008335   Thumb Code     0  printfa.o(i.__0printf)
    printf                                   0x08008335   Thumb Code     0  printfa.o(i.__0printf)
    __0snprintf                              0x08008355   Thumb Code    44  printfa.o(i.__0snprintf)
    __1snprintf                              0x08008355   Thumb Code     0  printfa.o(i.__0snprintf)
    __2snprintf                              0x08008355   Thumb Code     0  printfa.o(i.__0snprintf)
    __c89snprintf                            0x08008355   Thumb Code     0  printfa.o(i.__0snprintf)
    snprintf                                 0x08008355   Thumb Code     0  printfa.o(i.__0snprintf)
    __aeabi_errno_addr                       0x08008385   Thumb Code     4  errno.o(i.__aeabi_errno_addr)
    __rt_errno_addr                          0x08008385   Thumb Code     0  errno.o(i.__aeabi_errno_addr)
    __scatterload_copy                       0x0800838d   Thumb Code    14  handlers.o(i.__scatterload_copy)
    __scatterload_null                       0x0800839b   Thumb Code     2  handlers.o(i.__scatterload_null)
    __scatterload_zeroinit                   0x0800839d   Thumb Code    14  handlers.o(i.__scatterload_zeroinit)
    delay_ms                                 0x08008c75   Thumb Code    22  delay.o(i.delay_ms)
    delay_us                                 0x08008c8d   Thumb Code    38  delay.o(i.delay_us)
    eTaskConfirmSleepModeStatus              0x08008cb9   Thumb Code    52  tasks.o(i.eTaskConfirmSleepModeStatus)
    fputc                                    0x08008d01   Thumb Code    24  usart.o(i.fputc)
    main                                     0x08008d1d   Thumb Code    62  main.o(i.main)
    pvPortMalloc                             0x08009925   Thumb Code   234  heap_4.o(i.pvPortMalloc)
    pvTaskIncrementMutexHeldCount            0x08009a25   Thumb Code    14  tasks.o(i.pvTaskIncrementMutexHeldCount)
    pxPortInitialiseStack                    0x08009a39   Thumb Code    30  port.o(i.pxPortInitialiseStack)
    ulTaskGenericNotifyTake                  0x08009a5d   Thumb Code   164  tasks.o(i.ulTaskGenericNotifyTake)
    uxListRemove                             0x08009b09   Thumb Code    40  list.o(i.uxListRemove)
    uxTaskGetNumberOfTasks                   0x08009b31   Thumb Code     6  tasks.o(i.uxTaskGetNumberOfTasks)
    vApplicationGetIdleTaskMemory            0x08009b3d   Thumb Code    14  freertos_demo.o(i.vApplicationGetIdleTaskMemory)
    vApplicationGetTimerTaskMemory           0x08009b55   Thumb Code    14  freertos_demo.o(i.vApplicationGetTimerTaskMemory)
    vApplicationIdleHook                     0x08009b6d   Thumb Code   174  freertos_demo.o(i.vApplicationIdleHook)
    vApplicationStackOverflowHook            0x08009ce5   Thumb Code    14  freertos_demo.o(i.vApplicationStackOverflowHook)
    vListInitialise                          0x08009d19   Thumb Code    26  list.o(i.vListInitialise)
    vListInitialiseItem                      0x08009d33   Thumb Code     6  list.o(i.vListInitialiseItem)
    vListInsert                              0x08009d39   Thumb Code    52  list.o(i.vListInsert)
    vListInsertEnd                           0x08009d6d   Thumb Code    24  list.o(i.vListInsertEnd)
    vPortEnterCritical                       0x08009d85   Thumb Code    30  port.o(i.vPortEnterCritical)
    vPortExitCritical                        0x08009da9   Thumb Code    28  port.o(i.vPortExitCritical)
    vPortFree                                0x08009dc9   Thumb Code    68  heap_4.o(i.vPortFree)
    vPortSetupTimerInterrupt                 0x08009e15   Thumb Code    50  port.o(i.vPortSetupTimerInterrupt)
    vPortSuppressTicksAndSleep               0x08009e59   Thumb Code   306  port.o(i.vPortSuppressTicksAndSleep)
    vQueueWaitForMessageRestricted           0x08009f9d   Thumb Code    74  queue.o(i.vQueueWaitForMessageRestricted)
    vTaskDelay                               0x08009fe9   Thumb Code    46  tasks.o(i.vTaskDelay)
    vTaskDelete                              0x0800a01d   Thumb Code   198  tasks.o(i.vTaskDelete)
    vTaskInternalSetTimeOutState             0x0800a109   Thumb Code    14  tasks.o(i.vTaskInternalSetTimeOutState)
    vTaskMissedYield                         0x0800a121   Thumb Code     8  tasks.o(i.vTaskMissedYield)
    vTaskPlaceOnEventList                    0x0800a12d   Thumb Code    28  tasks.o(i.vTaskPlaceOnEventList)
    vTaskPlaceOnEventListRestricted          0x0800a14d   Thumb Code    74  tasks.o(i.vTaskPlaceOnEventListRestricted)
    vTaskPriorityDisinheritAfterTimeout      0x0800a19d   Thumb Code   210  tasks.o(i.vTaskPriorityDisinheritAfterTimeout)
    vTaskStartScheduler                      0x0800a279   Thumb Code    70  tasks.o(i.vTaskStartScheduler)
    vTaskStepTick                            0x0800a2d1   Thumb Code    50  tasks.o(i.vTaskStepTick)
    vTaskSuspendAll                          0x0800a311   Thumb Code    12  tasks.o(i.vTaskSuspendAll)
    vTaskSwitchContext                       0x0800a321   Thumb Code   152  tasks.o(i.vTaskSwitchContext)
    xPortStartScheduler                      0x0800a3cd   Thumb Code    42  port.o(i.xPortStartScheduler)
    xPortSysTickHandler                      0x0800a401   Thumb Code    46  port.o(i.xPortSysTickHandler)
    xQueueCreateMutex                        0x0800a435   Thumb Code    34  queue.o(i.xQueueCreateMutex)
    xQueueGenericCreate                      0x0800a457   Thumb Code    82  queue.o(i.xQueueGenericCreate)
    xQueueGenericCreateStatic                0x0800a4a9   Thumb Code    62  queue.o(i.xQueueGenericCreateStatic)
    xQueueGenericReset                       0x0800a4e9   Thumb Code   156  queue.o(i.xQueueGenericReset)
    xQueueGenericSend                        0x0800a589   Thumb Code   276  queue.o(i.xQueueGenericSend)
    xQueueGiveFromISR                        0x0800a6a1   Thumb Code   134  queue.o(i.xQueueGiveFromISR)
    xQueueReceive                            0x0800a729   Thumb Code   256  queue.o(i.xQueueReceive)
    xQueueSemaphoreTake                      0x0800a82d   Thumb Code   300  queue.o(i.xQueueSemaphoreTake)
    xTaskCheckForTimeOut                     0x0800a95d   Thumb Code    88  tasks.o(i.xTaskCheckForTimeOut)
    xTaskCreate                              0x0800a9bd   Thumb Code    56  tasks.o(i.xTaskCreate)
    xTaskCreateStatic                        0x0800a9f5   Thumb Code    64  tasks.o(i.xTaskCreateStatic)
    xTaskDelayUntil                          0x0800aa35   Thumb Code   108  tasks.o(i.xTaskDelayUntil)
    xTaskGenericNotify                       0x0800aaa9   Thumb Code   334  tasks.o(i.xTaskGenericNotify)
    xTaskGetHandle                           0x0800ac09   Thumb Code   102  tasks.o(i.xTaskGetHandle)
    xTaskGetSchedulerState                   0x0800ac85   Thumb Code    24  tasks.o(i.xTaskGetSchedulerState)
    xTaskGetTickCount                        0x0800aca5   Thumb Code     6  tasks.o(i.xTaskGetTickCount)
    xTaskIncrementTick                       0x0800acb1   Thumb Code   372  tasks.o(i.xTaskIncrementTick)
    xTaskPriorityDisinherit                  0x0800ae51   Thumb Code   170  tasks.o(i.xTaskPriorityDisinherit)
    xTaskPriorityInherit                     0x0800af05   Thumb Code   230  tasks.o(i.xTaskPriorityInherit)
    xTaskRemoveFromEventList                 0x0800aff9   Thumb Code   262  tasks.o(i.xTaskRemoveFromEventList)
    xTaskResumeAll                           0x0800b119   Thumb Code   344  tasks.o(i.xTaskResumeAll)
    xTimerCreate                             0x0800b295   Thumb Code    54  timers.o(i.xTimerCreate)
    xTimerCreateTimerTask                    0x0800b2cd   Thumb Code    76  timers.o(i.xTimerCreateTimerTask)
    xTimerGenericCommandFromTask             0x0800b32d   Thumb Code    82  timers.o(i.xTimerGenericCommandFromTask)
    OLED_F8x16                               0x0800b384   Data        1520  oled_data.o(.constdata)
    OLED_F6x8                                0x0800b974   Data         570  oled_data.o(.constdata)
    OLED_CF16x16                             0x0800bbae   Data         252  oled_data.o(.constdata)
    Diode                                    0x0800bcaa   Data          32  oled_data.o(.constdata)
    __ctype_table                            0x0800bcca   Data         129  ctype_o.o(.constdata)
    Region$$Table$$Base                      0x0800c29c   Number         0  anon$$obj.o(Region$$Table)
    Region$$Table$$Limit                     0x0800c2bc   Number         0  anon$$obj.o(Region$$Table)
    servo_positions                          0x20000000   Data          20  freertos_demo.o(.data)
    led_positions                            0x20000014   Data           8  freertos_demo.o(.data)
    LED_Queue                                0x2000001c   Data           4  freertos_demo.o(.data)
    Servo_Queue                              0x20000020   Data           4  freertos_demo.o(.data)
    Res_Queue                                0x20000024   Data           4  freertos_demo.o(.data)
    Semaphore_Post                           0x20000028   Data           4  freertos_demo.o(.data)
    rev_state                                0x2000002c   Data           4  freertos_demo.o(.data)
    dht11_handle                             0x20000030   Data           4  freertos_demo.o(.data)
    Start_stack                              0x20000038   Data           4  freertos_demo.o(.data)
    Start_Priority                           0x2000003c   Data           4  freertos_demo.o(.data)
    Start_handle                             0x20000040   Data           4  freertos_demo.o(.data)
    Control_handle                           0x20000044   Data           4  freertos_demo.o(.data)
    led_handle                               0x20000048   Data           4  freertos_demo.o(.data)
    servo_handle                             0x2000004c   Data           4  freertos_demo.o(.data)
    res_handle                               0x20000050   Data           4  freertos_demo.o(.data)
    dis_handle                               0x20000054   Data           4  freertos_demo.o(.data)
    pxCurrentTCB                             0x20000070   Data           4  tasks.o(.data)
    Write_index                              0x200000f0   Data           2  usart.o(.data)
    PreWrite_index                           0x200000f2   Data           2  usart.o(.data)
    __stdout                                 0x200000f4   Data           4  usart.o(.data)
    LightSwitch                              0x200000f8   Data           1  esp8266.o(.data)
    Servoangle                               0x200000f9   Data           1  esp8266.o(.data)
    Temp                                     0x200000fa   Data           1  esp8266.o(.data)
    Humi                                     0x200000fb   Data           1  esp8266.o(.data)
    Up_pack                                  0x200000fc   Data          20  esp8266.o(.data)
    RH                                       0x20000111   Data           1  dht11.o(.data)
    RL                                       0x20000112   Data           1  dht11.o(.data)
    TH                                       0x20000113   Data           1  dht11.o(.data)
    TL                                       0x20000114   Data           1  dht11.o(.data)
    revise                                   0x20000115   Data           1  dht11.o(.data)
    Display_Stack                            0x2000011c   Data         256  freertos_demo.o(.bss)
    Display_TCB                              0x2000021c   Data          84  freertos_demo.o(.bss)
    USART1_RX_BUF                            0x20002bf6   Data         512  usart.o(.bss)
    Read_Buffer                              0x20002df6   Data         522  usart.o(.bss)
    json_id                                  0x20003000   Data          12  esp8266.o(.bss)
    OLED_DisplayBuf                          0x2000300c   Data        1024  oled.o(.bss)
    __initial_sp                             0x20003810   Data           0  startup_stm32f10x_md.o(STACK)



==============================================================================

Memory Map of the image

  Image Entry point : 0x080050ed

  Load Region LR_IROM1 (Base: 0x08005000, Size: 0x000073d8, Max: 0x00010000, ABSOLUTE)

    Execution Region ER_IROM1 (Exec base: 0x08005000, Load base: 0x08005000, Size: 0x000072bc, Max: 0x00010000, ABSOLUTE)

    Exec Addr    Load Addr    Size         Type   Attr      Idx    E Section Name        Object

    0x08005000   0x08005000   0x000000ec   Data   RO         3498    RESET               startup_stm32f10x_md.o
    0x080050ec   0x080050ec   0x00000000   Code   RO         5440  * .ARM.Collect$$$$00000000  mc_w.l(entry.o)
    0x080050ec   0x080050ec   0x00000004   Code   RO         5785    .ARM.Collect$$$$00000001  mc_w.l(entry2.o)
    0x080050f0   0x080050f0   0x00000004   Code   RO         5788    .ARM.Collect$$$$00000004  mc_w.l(entry5.o)
    0x080050f4   0x080050f4   0x00000000   Code   RO         5790    .ARM.Collect$$$$00000008  mc_w.l(entry7b.o)
    0x080050f4   0x080050f4   0x00000000   Code   RO         5792    .ARM.Collect$$$$0000000A  mc_w.l(entry8b.o)
    0x080050f4   0x080050f4   0x00000008   Code   RO         5793    .ARM.Collect$$$$0000000B  mc_w.l(entry9a.o)
    0x080050fc   0x080050fc   0x00000000   Code   RO         5795    .ARM.Collect$$$$0000000D  mc_w.l(entry10a.o)
    0x080050fc   0x080050fc   0x00000000   Code   RO         5797    .ARM.Collect$$$$0000000F  mc_w.l(entry11a.o)
    0x080050fc   0x080050fc   0x00000004   Code   RO         5786    .ARM.Collect$$$$00002712  mc_w.l(entry2.o)
    0x08005100   0x08005100   0x00000096   Code   RO         4738    .emb_text           port.o
    0x08005196   0x08005196   0x00000002   PAD
    0x08005198   0x08005198   0x00000024   Code   RO         3499    .text               startup_stm32f10x_md.o
    0x080051bc   0x080051bc   0x00000024   Code   RO         5443    .text               mc_w.l(memcpya.o)
    0x080051e0   0x080051e0   0x00000024   Code   RO         5445    .text               mc_w.l(memseta.o)
    0x08005204   0x08005204   0x00000018   Code   RO         5447    .text               mc_w.l(strcat.o)
    0x0800521c   0x0800521c   0x00000024   Code   RO         5449    .text               mc_w.l(strstr.o)
    0x08005240   0x08005240   0x00000018   Code   RO         5451    .text               mc_w.l(strncpy.o)
    0x08005258   0x08005258   0x00000014   Code   RO         5453    .text               mc_w.l(strchr.o)
    0x0800526c   0x0800526c   0x0000000e   Code   RO         5455    .text               mc_w.l(strlen.o)
    0x0800527a   0x0800527a   0x00000002   PAD
    0x0800527c   0x0800527c   0x00000038   Code   RO         5722    .text               mc_w.l(__0sscanf.o)
    0x080052b4   0x080052b4   0x000000e0   Code   RO         5724    .text               mc_w.l(_scanf_str.o)
    0x08005394   0x08005394   0x00000072   Code   RO         5726    .text               mc_w.l(strtoul.o)
    0x08005406   0x08005406   0x000000b0   Code   RO         5728    .text               mf_w.l(fadd.o)
    0x080054b6   0x080054b6   0x00000064   Code   RO         5730    .text               mf_w.l(fmul.o)
    0x0800551a   0x0800551a   0x0000007c   Code   RO         5732    .text               mf_w.l(fdiv.o)
    0x08005596   0x08005596   0x0000014e   Code   RO         5734    .text               mf_w.l(dadd.o)
    0x080056e4   0x080056e4   0x000000e4   Code   RO         5736    .text               mf_w.l(dmul.o)
    0x080057c8   0x080057c8   0x000000de   Code   RO         5738    .text               mf_w.l(ddiv.o)
    0x080058a6   0x080058a6   0x00000028   Code   RO         5746    .text               mf_w.l(ffixui.o)
    0x080058ce   0x080058ce   0x00000002   PAD
    0x080058d0   0x080058d0   0x00000030   Code   RO         5754    .text               mf_w.l(cdrcmple.o)
    0x08005900   0x08005900   0x0000002c   Code   RO         5799    .text               mc_w.l(uidiv.o)
    0x0800592c   0x0800592c   0x00000062   Code   RO         5801    .text               mc_w.l(uldiv.o)
    0x0800598e   0x0800598e   0x0000001e   Code   RO         5803    .text               mc_w.l(llshl.o)
    0x080059ac   0x080059ac   0x00000020   Code   RO         5805    .text               mc_w.l(llushr.o)
    0x080059cc   0x080059cc   0x00000024   Code   RO         5807    .text               mc_w.l(llsshr.o)
    0x080059f0   0x080059f0   0x00000008   Code   RO         5809    .text               mc_w.l(ctype_o.o)
    0x080059f8   0x080059f8   0x00000012   Code   RO         5831    .text               mc_w.l(isspace_o.o)
    0x08005a0a   0x08005a0a   0x00000002   PAD
    0x08005a0c   0x08005a0c   0x00000028   Code   RO         5844    .text               mc_w.l(scanf_char.o)
    0x08005a34   0x08005a34   0x00000040   Code   RO         5846    .text               mc_w.l(_sgetc.o)
    0x08005a74   0x08005a74   0x0000009e   Code   RO         5848    .text               mc_w.l(_strtoul.o)
    0x08005b12   0x08005b12   0x00000000   Code   RO         5850    .text               mc_w.l(iusefp.o)
    0x08005b12   0x08005b12   0x0000006e   Code   RO         5851    .text               mf_w.l(fepilogue.o)
    0x08005b80   0x08005b80   0x000000ba   Code   RO         5853    .text               mf_w.l(depilogue.o)
    0x08005c3a   0x08005c3a   0x00000030   Code   RO         5855    .text               mf_w.l(dfixul.o)
    0x08005c6a   0x08005c6a   0x00000002   PAD
    0x08005c6c   0x08005c6c   0x00000024   Code   RO         5861    .text               mc_w.l(init.o)
    0x08005c90   0x08005c90   0x0000001c   Code   RO         5865    .text               mc_w.l(_chval.o)
    0x08005cac   0x08005cac   0x0000032c   Code   RO         5867    .text               mc_w.l(_scanf.o)
    0x08005fd8   0x08005fd8   0x00000118   Code   RO          251    i.Attribute_Res     freertos_demo.o
    0x080060f0   0x080060f0   0x00000004   Code   RO          191    i.BusFault_Handler  stm32f10x_it.o
    0x080060f4   0x080060f4   0x00000048   Code   RO         5018    i.DHT11_Check       dht11.o
    0x0800613c   0x0800613c   0x00000040   Code   RO         5019    i.DHT11_Init        dht11.o
    0x0800617c   0x0800617c   0x0000005c   Code   RO         5020    i.DHT11_Rst         dht11.o
    0x080061d8   0x080061d8   0x00000088   Code   RO          252    i.DHT11_Timer       freertos_demo.o
    0x08006260   0x08006260   0x00000016   Code   RO         4815    i.DMA1_Channel5_IRQHandler  usart.o
    0x08006276   0x08006276   0x00000002   PAD
    0x08006278   0x08006278   0x0000001c   Code   RO         1244    i.DMA_ClearITPendingBit  stm32f10x_dma.o
    0x08006294   0x08006294   0x00000018   Code   RO         1245    i.DMA_Cmd           stm32f10x_dma.o
    0x080062ac   0x080062ac   0x0000002c   Code   RO         1249    i.DMA_GetITStatus   stm32f10x_dma.o
    0x080062d8   0x080062d8   0x00000012   Code   RO         1250    i.DMA_ITConfig      stm32f10x_dma.o
    0x080062ea   0x080062ea   0x0000003c   Code   RO         1251    i.DMA_Init          stm32f10x_dma.o
    0x08006326   0x08006326   0x00000002   Code   RO          192    i.DebugMon_Handler  stm32f10x_it.o
    0x08006328   0x08006328   0x00000038   Code   RO         4943    i.Delay_Init        delay.o
    0x08006360   0x08006360   0x000000e4   Code   RO          253    i.Display           freertos_demo.o
    0x08006444   0x08006444   0x00000014   Code   RO         4868    i.ESP8266_Clear     esp8266.o
    0x08006458   0x08006458   0x000000a8   Code   RO         4869    i.ESP8266_ReadData  esp8266.o
    0x08006500   0x08006500   0x000000a4   Code   RO         4870    i.ESP8266_SendCmd   esp8266.o
    0x080065a4   0x080065a4   0x00000168   Code   RO         4871    i.Esp8266_Init      esp8266.o
    0x0800670c   0x0800670c   0x000000f4   Code   RO          254    i.Freertos_start    freertos_demo.o
    0x08006800   0x08006800   0x00000116   Code   RO         1669    i.GPIO_Init         stm32f10x_gpio.o
    0x08006916   0x08006916   0x00000012   Code   RO         1673    i.GPIO_ReadInputDataBit  stm32f10x_gpio.o
    0x08006928   0x08006928   0x00000004   Code   RO         1676    i.GPIO_ResetBits    stm32f10x_gpio.o
    0x0800692c   0x0800692c   0x00000004   Code   RO         1677    i.GPIO_SetBits      stm32f10x_gpio.o
    0x08006930   0x08006930   0x0000000a   Code   RO         1680    i.GPIO_WriteBit     stm32f10x_gpio.o
    0x0800693a   0x0800693a   0x00000004   Code   RO          193    i.HardFault_Handler  stm32f10x_it.o
    0x0800693e   0x0800693e   0x00000002   PAD
    0x08006940   0x08006940   0x00000010   Code   RO         1981    i.IWDG_Enable       stm32f10x_iwdg.o
    0x08006950   0x08006950   0x00000022   Code   RO         5066    i.IWDG_Init         iwdg.o
    0x08006972   0x08006972   0x00000002   PAD
    0x08006974   0x08006974   0x00000010   Code   RO         1983    i.IWDG_ReloadCounter  stm32f10x_iwdg.o
    0x08006984   0x08006984   0x0000000c   Code   RO         1984    i.IWDG_SetPrescaler  stm32f10x_iwdg.o
    0x08006990   0x08006990   0x0000000c   Code   RO         1985    i.IWDG_SetReload    stm32f10x_iwdg.o
    0x0800699c   0x0800699c   0x0000000c   Code   RO         1986    i.IWDG_WriteAccessCmd  stm32f10x_iwdg.o
    0x080069a8   0x080069a8   0x0000005c   Code   RO          255    i.LED_Control       freertos_demo.o
    0x08006a04   0x08006a04   0x00000034   Code   RO         4967    i.LED_Init          led.o
    0x08006a38   0x08006a38   0x000000c8   Code   RO          256    i.LED_Task          freertos_demo.o
    0x08006b00   0x08006b00   0x00000010   Code   RO         4969    i.LED_off           led.o
    0x08006b10   0x08006b10   0x00000010   Code   RO         4970    i.LED_on            led.o
    0x08006b20   0x08006b20   0x00000090   Code   RO         4872    i.MQTT_Get          esp8266.o
    0x08006bb0   0x08006bb0   0x00000004   Code   RO          194    i.MemManage_Handler  stm32f10x_it.o
    0x08006bb4   0x08006bb4   0x000000b8   Code   RO         5342    i.MySPI_Init        myspi.o
    0x08006c6c   0x08006c6c   0x0000000a   Code   RO         5343    i.MySPI_Start       myspi.o
    0x08006c76   0x08006c76   0x0000000a   Code   RO         5344    i.MySPI_Stop        myspi.o
    0x08006c80   0x08006c80   0x00000038   Code   RO         5345    i.MySPI_SwapByte    myspi.o
    0x08006cb8   0x08006cb8   0x00000014   Code   RO         5346    i.MySPI_W_SS        myspi.o
    0x08006ccc   0x08006ccc   0x00000002   Code   RO          195    i.NMI_Handler       stm32f10x_it.o
    0x08006cce   0x08006cce   0x00000002   PAD
    0x08006cd0   0x08006cd0   0x00000070   Code   RO          518    i.NVIC_Init         misc.o
    0x08006d40   0x08006d40   0x00000014   Code   RO          519    i.NVIC_PriorityGroupConfig  misc.o
    0x08006d54   0x08006d54   0x00000028   Code   RO         5081    i.OLED_Clear        oled.o
    0x08006d7c   0x08006d7c   0x000000a8   Code   RO         5082    i.OLED_ClearArea    oled.o
    0x08006e24   0x08006e24   0x00000060   Code   RO         5090    i.OLED_GPIO_Init    oled.o
    0x08006e84   0x08006e84   0x0000003e   Code   RO         5092    i.OLED_I2C_SendByte  oled.o
    0x08006ec2   0x08006ec2   0x0000001c   Code   RO         5093    i.OLED_I2C_Start    oled.o
    0x08006ede   0x08006ede   0x00000016   Code   RO         5094    i.OLED_I2C_Stop     oled.o
    0x08006ef4   0x08006ef4   0x00000092   Code   RO         5095    i.OLED_Init         oled.o
    0x08006f86   0x08006f86   0x00000014   Code   RO         5097    i.OLED_Pow          oled.o
    0x08006f9a   0x08006f9a   0x00000022   Code   RO         5101    i.OLED_SetCursor    oled.o
    0x08006fbc   0x08006fbc   0x00000054   Code   RO         5103    i.OLED_ShowChar     oled.o
    0x08007010   0x08007010   0x0000012c   Code   RO         5107    i.OLED_ShowImage    oled.o
    0x0800713c   0x0800713c   0x0000004c   Code   RO         5108    i.OLED_ShowNum      oled.o
    0x08007188   0x08007188   0x0000002e   Code   RO         5110    i.OLED_ShowString   oled.o
    0x080071b6   0x080071b6   0x00000002   PAD
    0x080071b8   0x080071b8   0x00000028   Code   RO         5111    i.OLED_Update       oled.o
    0x080071e0   0x080071e0   0x00000018   Code   RO         5113    i.OLED_W_SCL        oled.o
    0x080071f8   0x080071f8   0x00000018   Code   RO         5114    i.OLED_W_SDA        oled.o
    0x08007210   0x08007210   0x00000020   Code   RO         5115    i.OLED_WriteCommand  oled.o
    0x08007230   0x08007230   0x0000002e   Code   RO         5116    i.OLED_WriteData    oled.o
    0x0800725e   0x0800725e   0x00000002   PAD
    0x08007260   0x08007260   0x00000094   Code   RO          257    i.ONENET_Control    freertos_demo.o
    0x080072f4   0x080072f4   0x00000248   Code   RO         4873    i.OTA_Init          esp8266.o
    0x0800753c   0x0800753c   0x00000018   Code   RO          258    i.Queue_Send        freertos_demo.o
    0x08007554   0x08007554   0x00000020   Code   RO         2084    i.RCC_AHBPeriphClockCmd  stm32f10x_rcc.o
    0x08007574   0x08007574   0x00000020   Code   RO         2085    i.RCC_APB1PeriphClockCmd  stm32f10x_rcc.o
    0x08007594   0x08007594   0x00000020   Code   RO         2087    i.RCC_APB2PeriphClockCmd  stm32f10x_rcc.o
    0x080075b4   0x080075b4   0x000000d4   Code   RO         2095    i.RCC_GetClocksFreq  stm32f10x_rcc.o
    0x08007688   0x08007688   0x0000001e   Code   RO         5021    i.Read_Byte         dht11.o
    0x080076a6   0x080076a6   0x00000002   PAD
    0x080076a8   0x080076a8   0x00000070   Code   RO         5022    i.Read_DHT11_data   dht11.o
    0x08007718   0x08007718   0x00000044   Code   RO         5023    i.Read_bit          dht11.o
    0x0800775c   0x0800775c   0x00000018   Code   RO         2564    i.SPI_Cmd           stm32f10x_spi.o
    0x08007774   0x08007774   0x00000012   Code   RO         2572    i.SPI_I2S_GetFlagStatus  stm32f10x_spi.o
    0x08007786   0x08007786   0x00000006   Code   RO         2575    i.SPI_I2S_ReceiveData  stm32f10x_spi.o
    0x0800778c   0x0800778c   0x00000004   Code   RO         2576    i.SPI_I2S_SendData  stm32f10x_spi.o
    0x08007790   0x08007790   0x0000003c   Code   RO         2577    i.SPI_Init          stm32f10x_spi.o
    0x080077cc   0x080077cc   0x0000005c   Code   RO          259    i.Servo_Control     freertos_demo.o
    0x08007828   0x08007828   0x00000094   Code   RO         5000    i.Servo_Init        servo.o
    0x080078bc   0x080078bc   0x00000138   Code   RO          260    i.Servo_Task        freertos_demo.o
    0x080079f4   0x080079f4   0x00000044   Code   RO         5001    i.Servo_angle       servo.o
    0x08007a38   0x08007a38   0x00000008   Code   RO         3503    i.SetSysClock       system_stm32f10x.o
    0x08007a40   0x08007a40   0x000000e0   Code   RO         3504    i.SetSysClockTo72   system_stm32f10x.o
    0x08007b20   0x08007b20   0x000000b0   Code   RO         4874    i.ShangChuan        esp8266.o
    0x08007bd0   0x08007bd0   0x00000108   Code   RO          261    i.Start_Task        freertos_demo.o
    0x08007cd8   0x08007cd8   0x00000010   Code   RO          196    i.SysTick_Handler   stm32f10x_it.o
    0x08007ce8   0x08007ce8   0x00000060   Code   RO         3506    i.SystemInit        system_stm32f10x.o
    0x08007d48   0x08007d48   0x00000018   Code   RO         2719    i.TIM_Cmd           stm32f10x_tim.o
    0x08007d60   0x08007d60   0x0000000c   Code   RO         2746    i.TIM_InternalClockConfig  stm32f10x_tim.o
    0x08007d6c   0x08007d6c   0x000000a4   Code   RO         2753    i.TIM_OC2Init       stm32f10x_tim.o
    0x08007e10   0x08007e10   0x00000014   Code   RO         2766    i.TIM_OCStructInit  stm32f10x_tim.o
    0x08007e24   0x08007e24   0x00000006   Code   RO         2783    i.TIM_SetCompare4   stm32f10x_tim.o
    0x08007e2a   0x08007e2a   0x00000002   PAD
    0x08007e2c   0x08007e2c   0x000000a4   Code   RO         2790    i.TIM_TimeBaseInit  stm32f10x_tim.o
    0x08007ed0   0x08007ed0   0x00000080   Code   RO         4816    i.USART1_IRQHandler  usart.o
    0x08007f50   0x08007f50   0x00000018   Code   RO         3255    i.USART_Cmd         stm32f10x_usart.o
    0x08007f68   0x08007f68   0x00000012   Code   RO         3256    i.USART_DMACmd      stm32f10x_usart.o
    0x08007f7a   0x08007f7a   0x00000054   Code   RO         3259    i.USART_GetITStatus  stm32f10x_usart.o
    0x08007fce   0x08007fce   0x0000004a   Code   RO         3261    i.USART_ITConfig    stm32f10x_usart.o
    0x08008018   0x08008018   0x000000d8   Code   RO         3262    i.USART_Init        stm32f10x_usart.o
    0x080080f0   0x080080f0   0x00000004   Code   RO          197    i.UsageFault_Handler  stm32f10x_it.o
    0x080080f4   0x080080f4   0x00000130   Code   RO         4817    i.Usart1_init       usart.o
    0x08008224   0x08008224   0x00000008   Code   RO         5378    i.W25Q64_Init       w25q64.o
    0x0800822c   0x0800822c   0x0000004c   Code   RO         5379    i.W25Q64_PageProgram  w25q64.o
    0x08008278   0x08008278   0x00000044   Code   RO         5380    i.W25Q64_ReadData   w25q64.o
    0x080082bc   0x080082bc   0x00000032   Code   RO         5382    i.W25Q64_SectorErase  w25q64.o
    0x080082ee   0x080082ee   0x00000002   PAD
    0x080082f0   0x080082f0   0x00000030   Code   RO         5383    i.W25Q64_WaitBusy   w25q64.o
    0x08008320   0x08008320   0x00000012   Code   RO         5384    i.W25Q64_WriteEnable  w25q64.o
    0x08008332   0x08008332   0x00000002   PAD
    0x08008334   0x08008334   0x00000020   Code   RO         5694    i.__0printf         mc_w.l(printfa.o)
    0x08008354   0x08008354   0x00000030   Code   RO         5695    i.__0snprintf       mc_w.l(printfa.o)
    0x08008384   0x08008384   0x00000008   Code   RO         5837    i.__aeabi_errno_addr  mc_w.l(errno.o)
    0x0800838c   0x0800838c   0x0000000e   Code   RO         5876    i.__scatterload_copy  mc_w.l(handlers.o)
    0x0800839a   0x0800839a   0x00000002   Code   RO         5877    i.__scatterload_null  mc_w.l(handlers.o)
    0x0800839c   0x0800839c   0x0000000e   Code   RO         5878    i.__scatterload_zeroinit  mc_w.l(handlers.o)
    0x080083aa   0x080083aa   0x00000002   PAD
    0x080083ac   0x080083ac   0x00000184   Code   RO         5701    i._fp_digits        mc_w.l(printfa.o)
    0x08008530   0x08008530   0x000006dc   Code   RO         5702    i._printf_core      mc_w.l(printfa.o)
    0x08008c0c   0x08008c0c   0x00000024   Code   RO         5703    i._printf_post_padding  mc_w.l(printfa.o)
    0x08008c30   0x08008c30   0x0000002e   Code   RO         5704    i._printf_pre_padding  mc_w.l(printfa.o)
    0x08008c5e   0x08008c5e   0x00000016   Code   RO         5705    i._snputc           mc_w.l(printfa.o)
    0x08008c74   0x08008c74   0x00000016   Code   RO         4944    i.delay_ms          delay.o
    0x08008c8a   0x08008c8a   0x00000002   PAD
    0x08008c8c   0x08008c8c   0x0000002c   Code   RO         4945    i.delay_us          delay.o
    0x08008cb8   0x08008cb8   0x00000048   Code   RO         4066    i.eTaskConfirmSleepModeStatus  tasks.o
    0x08008d00   0x08008d00   0x0000001c   Code   RO         4819    i.fputc             usart.o
    0x08008d1c   0x08008d1c   0x00000070   Code   RO            1    i.main              main.o
    0x08008d8c   0x08008d8c   0x000000cc   Code   RO         4068    i.prvAddCurrentTaskToDelayedList  tasks.o
    0x08008e58   0x08008e58   0x000000f0   Code   RO         4069    i.prvAddNewTaskToReadyList  tasks.o
    0x08008f48   0x08008f48   0x0000005c   Code   RO         4503    i.prvCheckForValidListAndQueue  timers.o
    0x08008fa4   0x08008fa4   0x00000048   Code   RO         4070    i.prvCheckTasksWaitingTermination  tasks.o
    0x08008fec   0x08008fec   0x0000002a   Code   RO         3705    i.prvCopyDataFromQueue  queue.o
    0x08009016   0x08009016   0x0000007e   Code   RO         3706    i.prvCopyDataToQueue  queue.o
    0x08009094   0x08009094   0x00000088   Code   RO         4071    i.prvCreateIdleTasks  tasks.o
    0x0800911c   0x0800911c   0x0000004c   Code   RO         4072    i.prvCreateStaticTask  tasks.o
    0x08009168   0x08009168   0x0000005e   Code   RO         4073    i.prvCreateTask     tasks.o
    0x080091c6   0x080091c6   0x00000028   Code   RO         4074    i.prvDeleteTCB      tasks.o
    0x080091ee   0x080091ee   0x00000014   Code   RO         3707    i.prvGetDisinheritPriorityAfterTimeout  queue.o
    0x08009202   0x08009202   0x00000002   PAD
    0x08009204   0x08009204   0x0000004c   Code   RO         4075    i.prvGetExpectedIdleTime  tasks.o
    0x08009250   0x08009250   0x00000028   Code   RO         4504    i.prvGetNextExpireTime  timers.o
    0x08009278   0x08009278   0x0000006c   Code   RO         4671    i.prvHeapInit       heap_4.o
    0x080092e4   0x080092e4   0x00000050   Code   RO         4076    i.prvIdleTask       tasks.o
    0x08009334   0x08009334   0x0000001e   Code   RO         3708    i.prvInitialiseMutex  queue.o
    0x08009352   0x08009352   0x00000026   Code   RO         3709    i.prvInitialiseNewQueue  queue.o
    0x08009378   0x08009378   0x00000086   Code   RO         4077    i.prvInitialiseNewTask  tasks.o
    0x080093fe   0x080093fe   0x00000038   Code   RO         4505    i.prvInitialiseNewTimer  timers.o
    0x08009436   0x08009436   0x00000002   PAD
    0x08009438   0x08009438   0x00000068   Code   RO         4078    i.prvInitialiseTaskLists  tasks.o
    0x080094a0   0x080094a0   0x00000068   Code   RO         4672    i.prvInsertBlockIntoFreeList  heap_4.o
    0x08009508   0x08009508   0x00000058   Code   RO         4506    i.prvInsertTimerInActiveList  timers.o
    0x08009560   0x08009560   0x0000001a   Code   RO         3710    i.prvIsQueueEmpty   queue.o
    0x0800957a   0x0800957a   0x0000001e   Code   RO         3711    i.prvIsQueueFull    queue.o
    0x08009598   0x08009598   0x00000044   Code   RO         4507    i.prvProcessExpiredTimer  timers.o
    0x080095dc   0x080095dc   0x00000100   Code   RO         4508    i.prvProcessReceivedCommands  timers.o
    0x080096dc   0x080096dc   0x00000074   Code   RO         4509    i.prvProcessTimerOrBlockTask  timers.o
    0x08009750   0x08009750   0x00000028   Code   RO         4510    i.prvReloadTimer    timers.o
    0x08009778   0x08009778   0x00000030   Code   RO         4079    i.prvResetNextTaskUnblockTime  tasks.o
    0x080097a8   0x080097a8   0x0000002c   Code   RO         4511    i.prvSampleTimeNow  timers.o
    0x080097d4   0x080097d4   0x0000005c   Code   RO         4080    i.prvSearchForNameWithinSingleList  tasks.o
    0x08009830   0x08009830   0x00000044   Code   RO         4512    i.prvSwitchTimerLists  timers.o
    0x08009874   0x08009874   0x00000016   Code   RO         4739    i.prvTaskExitError  port.o
    0x0800988a   0x0800988a   0x0000001a   Code   RO         4513    i.prvTimerTask      timers.o
    0x080098a4   0x080098a4   0x0000007e   Code   RO         3712    i.prvUnlockQueue    queue.o
    0x08009922   0x08009922   0x00000002   PAD
    0x08009924   0x08009924   0x00000100   Code   RO         4674    i.pvPortMalloc      heap_4.o
    0x08009a24   0x08009a24   0x00000014   Code   RO         4083    i.pvTaskIncrementMutexHeldCount  tasks.o
    0x08009a38   0x08009a38   0x00000024   Code   RO         4740    i.pxPortInitialiseStack  port.o
    0x08009a5c   0x08009a5c   0x000000ac   Code   RO         4084    i.ulTaskGenericNotifyTake  tasks.o
    0x08009b08   0x08009b08   0x00000028   Code   RO         3666    i.uxListRemove      list.o
    0x08009b30   0x08009b30   0x0000000c   Code   RO         4088    i.uxTaskGetNumberOfTasks  tasks.o
    0x08009b3c   0x08009b3c   0x00000018   Code   RO          262    i.vApplicationGetIdleTaskMemory  freertos_demo.o
    0x08009b54   0x08009b54   0x00000018   Code   RO          263    i.vApplicationGetTimerTaskMemory  freertos_demo.o
    0x08009b6c   0x08009b6c   0x00000178   Code   RO          264    i.vApplicationIdleHook  freertos_demo.o
    0x08009ce4   0x08009ce4   0x00000034   Code   RO          265    i.vApplicationStackOverflowHook  freertos_demo.o
    0x08009d18   0x08009d18   0x0000001a   Code   RO         3667    i.vListInitialise   list.o
    0x08009d32   0x08009d32   0x00000006   Code   RO         3668    i.vListInitialiseItem  list.o
    0x08009d38   0x08009d38   0x00000034   Code   RO         3669    i.vListInsert       list.o
    0x08009d6c   0x08009d6c   0x00000018   Code   RO         3670    i.vListInsertEnd    list.o
    0x08009d84   0x08009d84   0x00000024   Code   RO         4742    i.vPortEnterCritical  port.o
    0x08009da8   0x08009da8   0x00000020   Code   RO         4743    i.vPortExitCritical  port.o
    0x08009dc8   0x08009dc8   0x0000004c   Code   RO         4675    i.vPortFree         heap_4.o
    0x08009e14   0x08009e14   0x00000044   Code   RO         4744    i.vPortSetupTimerInterrupt  port.o
    0x08009e58   0x08009e58   0x00000144   Code   RO         4745    i.vPortSuppressTicksAndSleep  port.o
    0x08009f9c   0x08009f9c   0x0000004a   Code   RO         3719    i.vQueueWaitForMessageRestricted  queue.o
    0x08009fe6   0x08009fe6   0x00000002   PAD
    0x08009fe8   0x08009fe8   0x00000034   Code   RO         4093    i.vTaskDelay        tasks.o
    0x0800a01c   0x0800a01c   0x000000ec   Code   RO         4094    i.vTaskDelete       tasks.o
    0x0800a108   0x0800a108   0x00000018   Code   RO         4097    i.vTaskInternalSetTimeOutState  tasks.o
    0x0800a120   0x0800a120   0x0000000c   Code   RO         4098    i.vTaskMissedYield  tasks.o
    0x0800a12c   0x0800a12c   0x00000020   Code   RO         4099    i.vTaskPlaceOnEventList  tasks.o
    0x0800a14c   0x0800a14c   0x00000050   Code   RO         4100    i.vTaskPlaceOnEventListRestricted  tasks.o
    0x0800a19c   0x0800a19c   0x000000dc   Code   RO         4102    i.vTaskPriorityDisinheritAfterTimeout  tasks.o
    0x0800a278   0x0800a278   0x00000058   Code   RO         4108    i.vTaskStartScheduler  tasks.o
    0x0800a2d0   0x0800a2d0   0x00000040   Code   RO         4109    i.vTaskStepTick     tasks.o
    0x0800a310   0x0800a310   0x00000010   Code   RO         4111    i.vTaskSuspendAll   tasks.o
    0x0800a320   0x0800a320   0x000000ac   Code   RO         4112    i.vTaskSwitchContext  tasks.o
    0x0800a3cc   0x0800a3cc   0x00000034   Code   RO         4746    i.xPortStartScheduler  port.o
    0x0800a400   0x0800a400   0x00000034   Code   RO         4747    i.xPortSysTickHandler  port.o
    0x0800a434   0x0800a434   0x00000022   Code   RO         3720    i.xQueueCreateMutex  queue.o
    0x0800a456   0x0800a456   0x00000052   Code   RO         3722    i.xQueueGenericCreate  queue.o
    0x0800a4a8   0x0800a4a8   0x0000003e   Code   RO         3723    i.xQueueGenericCreateStatic  queue.o
    0x0800a4e6   0x0800a4e6   0x00000002   PAD
    0x0800a4e8   0x0800a4e8   0x000000a0   Code   RO         3725    i.xQueueGenericReset  queue.o
    0x0800a588   0x0800a588   0x00000118   Code   RO         3726    i.xQueueGenericSend  queue.o
    0x0800a6a0   0x0800a6a0   0x00000086   Code   RO         3728    i.xQueueGiveFromISR  queue.o
    0x0800a726   0x0800a726   0x00000002   PAD
    0x0800a728   0x0800a728   0x00000104   Code   RO         3733    i.xQueueReceive     queue.o
    0x0800a82c   0x0800a82c   0x00000130   Code   RO         3735    i.xQueueSemaphoreTake  queue.o
    0x0800a95c   0x0800a95c   0x00000060   Code   RO         4114    i.xTaskCheckForTimeOut  tasks.o
    0x0800a9bc   0x0800a9bc   0x00000038   Code   RO         4115    i.xTaskCreate       tasks.o
    0x0800a9f4   0x0800a9f4   0x00000040   Code   RO         4116    i.xTaskCreateStatic  tasks.o
    0x0800aa34   0x0800aa34   0x00000074   Code   RO         4117    i.xTaskDelayUntil   tasks.o
    0x0800aaa8   0x0800aaa8   0x00000160   Code   RO         4118    i.xTaskGenericNotify  tasks.o
    0x0800ac08   0x0800ac08   0x0000007c   Code   RO         4124    i.xTaskGetHandle    tasks.o
    0x0800ac84   0x0800ac84   0x00000020   Code   RO         4127    i.xTaskGetSchedulerState  tasks.o
    0x0800aca4   0x0800aca4   0x0000000c   Code   RO         4129    i.xTaskGetTickCount  tasks.o
    0x0800acb0   0x0800acb0   0x000001a0   Code   RO         4131    i.xTaskIncrementTick  tasks.o
    0x0800ae50   0x0800ae50   0x000000b4   Code   RO         4132    i.xTaskPriorityDisinherit  tasks.o
    0x0800af04   0x0800af04   0x000000f4   Code   RO         4133    i.xTaskPriorityInherit  tasks.o
    0x0800aff8   0x0800aff8   0x00000120   Code   RO         4134    i.xTaskRemoveFromEventList  tasks.o
    0x0800b118   0x0800b118   0x0000017c   Code   RO         4135    i.xTaskResumeAll    tasks.o
    0x0800b294   0x0800b294   0x00000036   Code   RO         4519    i.xTimerCreate      timers.o
    0x0800b2ca   0x0800b2ca   0x00000002   PAD
    0x0800b2cc   0x0800b2cc   0x00000060   Code   RO         4521    i.xTimerCreateTimerTask  timers.o
    0x0800b32c   0x0800b32c   0x00000058   Code   RO         4523    i.xTimerGenericCommandFromTask  timers.o
    0x0800b384   0x0800b384   0x00000946   Data   RO         5330    .constdata          oled_data.o
    0x0800bcca   0x0800bcca   0x00000081   Data   RO         5810    .constdata          mc_w.l(ctype_o.o)
    0x0800bd4b   0x0800bd4b   0x00000001   PAD
    0x0800bd4c   0x0800bd4c   0x00000004   Data   RO         5811    .constdata          mc_w.l(ctype_o.o)
    0x0800bd50   0x0800bd50   0x0000009d   Data   RO          267    .conststring        freertos_demo.o
    0x0800bded   0x0800bded   0x00000003   PAD
    0x0800bdf0   0x0800bdf0   0x000004ab   Data   RO         4876    .conststring        esp8266.o
    0x0800c29b   0x0800c29b   0x00000001   PAD
    0x0800c29c   0x0800c29c   0x00000020   Data   RO         5874    Region$$Table       anon$$obj.o


    Execution Region RW_IRAM1 (Exec base: 0x20000000, Load base: 0x0800c2bc, Size: 0x00003810, Max: 0x00005000, ABSOLUTE)

    Exec Addr    Load Addr    Size         Type   Attr      Idx    E Section Name        Object

    0x20000000   0x0800c2bc   0x00000059   Data   RW          268    .data               freertos_demo.o
    0x20000059   0x0800c315   0x00000014   Data   RW         2115    .data               stm32f10x_rcc.o
    0x2000006d   0x0800c329   0x00000003   PAD
    0x20000070   0x0800c32c   0x00000040   Data   RW         4138    .data               tasks.o
    0x200000b0   0x0800c36c   0x00000014   Data   RW         4531    .data               timers.o
    0x200000c4   0x0800c380   0x0000001c   Data   RW         4682    .data               heap_4.o
    0x200000e0   0x0800c39c   0x00000010   Data   RW         4748    .data               port.o
    0x200000f0   0x0800c3ac   0x00000008   Data   RW         4821    .data               usart.o
    0x200000f8   0x0800c3b4   0x00000019   Data   RW         4877    .data               esp8266.o
    0x20000111   0x0800c3cd   0x00000005   Data   RW         5024    .data               dht11.o
    0x20000116   0x0800c3d2   0x00000002   PAD
    0x20000118   0x0800c3d4   0x00000004   Data   RW         5840    .data               mc_w.l(errno.o)
    0x2000011c        -       0x000005cc   Zero   RW          266    .bss                freertos_demo.o
    0x200006e8        -       0x0000012c   Zero   RW         4137    .bss                tasks.o
    0x20000814        -       0x00000088   Zero   RW         4530    .bss                timers.o
    0x2000089c        -       0x0000235a   Zero   RW         4681    .bss                heap_4.o
    0x20002bf6        -       0x0000040a   Zero   RW         4820    .bss                usart.o
    0x20003000        -       0x0000000c   Zero   RW         4875    .bss                esp8266.o
    0x2000300c        -       0x00000400   Zero   RW         5118    .bss                oled.o
    0x2000340c   0x0800c3d8   0x00000004   PAD
    0x20003410        -       0x00000400   Zero   RW         3496    STACK               startup_stm32f10x_md.o


==============================================================================

Image component sizes


      Code (inc. data)   RO Data    RW Data    ZI Data      Debug   Object Name

         0          0          0          0          0         32   core_cm3.o
       122         10          0          0          0       1463   delay.o
       438         42          0          5          0       3277   dht11.o
      1616        636       1195         25         12       6418   esp8266.o
         0          0          0          0          0      48472   event_groups.o
      2496        878        157         89       1484      64019   freertos_demo.o
       544         58          0         28       9050       4739   heap_4.o
        34          0          0          0          0        420   iwdg.o
        84         14          0          0          0       1242   led.o
       148          0          0          0          0      36166   list.o
       112         50          0          0          0     288235   main.o
       132         22          0          0          0       1375   misc.o
       280         20          0          0          0       2366   myspi.o
      1288         44          0          0       1024      10365   oled.o
         0          0       2374          0          0       1006   oled_data.o
       772         80          0         16          0      10153   port.o
      1828         16          0          0          0      17534   queue.o
       216         26          0          0          0       1079   servo.o
        36          8        236          0       1024        752   startup_stm32f10x_md.o
       174         18          0          0          0       4194   stm32f10x_dma.o
       314          0          0          0          0       3944   stm32f10x_gpio.o
        36          0          0          0          0       3339   stm32f10x_it.o
        68         30          0          0          0       2234   stm32f10x_iwdg.o
       308         38          0         20          0       4714   stm32f10x_rcc.o
       112          0          0          0          0       3542   stm32f10x_spi.o
       390         52          0          0          0       3690   stm32f10x_tim.o
       416          6          0          0          0       4745   stm32f10x_usart.o
       328         30          0          0          0       1749   system_stm32f10x.o
      5028        538          0         64        300      79070   tasks.o
      1132        116          0         20        136      13302   timers.o
       482         46          0          8       1034       4072   usart.o
       268          4          0          0          0       3369   w25q64.o

    ----------------------------------------------------------------------
     19240       2782       3998        280      14068     631077   Object Totals
         0          0         32          0          0          0   (incl. Generated)
        38          0          4          5          4          0   (incl. Padding)

    ----------------------------------------------------------------------

      Code (inc. data)   RO Data    RW Data    ZI Data      Debug   Library Member Name

        56          8          0          0          0         84   __0sscanf.o
        28          0          0          0          0         68   _chval.o
       812          4          0          0          0        112   _scanf.o
       224          0          0          0          0         96   _scanf_str.o
        64          0          0          0          0         84   _sgetc.o
       158          0          0          0          0         92   _strtoul.o
         8          4        133          0          0         68   ctype_o.o
         0          0          0          0          0          0   entry.o
         0          0          0          0          0          0   entry10a.o
         0          0          0          0          0          0   entry11a.o
         8          4          0          0          0          0   entry2.o
         4          0          0          0          0          0   entry5.o
         0          0          0          0          0          0   entry7b.o
         0          0          0          0          0          0   entry8b.o
         8          4          0          0          0          0   entry9a.o
         8          4          0          4          0         68   errno.o
        30          0          0          0          0          0   handlers.o
        36          8          0          0          0         68   init.o
        18          0          0          0          0         76   isspace_o.o
         0          0          0          0          0          0   iusefp.o
        30          0          0          0          0         68   llshl.o
        36          0          0          0          0         68   llsshr.o
        32          0          0          0          0         68   llushr.o
        36          0          0          0          0         68   memcpya.o
        36          0          0          0          0        108   memseta.o
      2328         94          0          0          0        604   printfa.o
        40          8          0          0          0         84   scanf_char.o
        24          0          0          0          0         68   strcat.o
        20          0          0          0          0         68   strchr.o
        14          0          0          0          0         68   strlen.o
        24          0          0          0          0         76   strncpy.o
        36          0          0          0          0         80   strstr.o
       114          0          0          0          0         92   strtoul.o
        44          0          0          0          0         80   uidiv.o
        98          0          0          0          0         92   uldiv.o
        48          0          0          0          0         68   cdrcmple.o
       334          0          0          0          0        148   dadd.o
       222          0          0          0          0        100   ddiv.o
       186          0          0          0          0        176   depilogue.o
        48          0          0          0          0         68   dfixul.o
       228          0          0          0          0         96   dmul.o
       176          0          0          0          0        140   fadd.o
       124          0          0          0          0         88   fdiv.o
       110          0          0          0          0        168   fepilogue.o
        40          0          0          0          0         68   ffixui.o
       100          0          0          0          0         76   fmul.o

    ----------------------------------------------------------------------
      6000        138        134          4          0       3704   Library Totals
        10          0          1          0          0          0   (incl. Padding)

    ----------------------------------------------------------------------

      Code (inc. data)   RO Data    RW Data    ZI Data      Debug   Library Name

      4374        138        133          4          0       2508   mc_w.l
      1616          0          0          0          0       1196   mf_w.l

    ----------------------------------------------------------------------
      6000        138        134          4          0       3704   Library Totals

    ----------------------------------------------------------------------

==============================================================================


      Code (inc. data)   RO Data    RW Data    ZI Data      Debug   

     25240       2920       4132        284      14068     622349   Grand Totals
     25240       2920       4132        284      14068     622349   ELF Image Totals
     25240       2920       4132        284          0          0   ROM Totals

==============================================================================

    Total RO  Size (Code + RO Data)                29372 (  28.68kB)
    Total RW  Size (RW Data + ZI Data)             14352 (  14.02kB)
    Total ROM Size (Code + RO Data + RW Data)      29656 (  28.96kB)

==============================================================================

